Component: ARM Compiler 5.06 update 7 (build 960) Tool: armlink [4d3601]

==============================================================================

Section Cross References

    main.o(.emb_text) refers to main.o(i.hard_fault_handler_c) for hard_fault_handler_c
    main.o(i.SysTick_Handler) refers to main.o(.data) for g_ticks
    main.o(i.bus_read) refers to common_porting.o(i.IIC11_read) for IIC11_read
    main.o(i.bus_write) refers to common_porting.o(i.IIC11_write) for IIC11_write
    main.o(i.get_timestamp_us) refers to main.o(i.__ARM_common_ll_muluu) for __ARM_common_ll_muluu
    main.o(i.get_timestamp_us) refers to main.o(.data) for tick_cnt
    main.o(i.hard_fault_handler_c) refers to _printf_percent.o(.ARM.Collect$$_printf_percent$$00000000) for _printf_percent
    main.o(i.hard_fault_handler_c) refers to _printf_x.o(.ARM.Collect$$_printf_percent$$0000000C) for _printf_x
    main.o(i.hard_fault_handler_c) refers to _printf_hex_int.o(.text) for _printf_longlong_hex
    main.o(i.hard_fault_handler_c) refers to noretval__2printf.o(.text) for __2printf
    main.o(i.main) refers to main.o(i.__NVIC_SetPriority) for __NVIC_SetPriority
    main.o(i.main) refers to sci.o(i.IIC11_Init) for IIC11_Init
    main.o(i.main) refers to sim_i2c_slave.o(i.InitSwSlaveI2C) for InitSwSlaveI2C
    main.o(i.main) refers to system_cms32l051.o(i.SystemCoreClockUpdate) for SystemCoreClockUpdate
    main.o(i.main) refers to sci.o(i.UART0_Init) for UART0_Init
    main.o(i.main) refers to noretval__2printf.o(.text) for __2printf
    main.o(i.main) refers to aeabi_sdiv.o(.text) for __aeabi_uidivmod
    main.o(i.main) refers to bsec_integration.o(i.bsec_iot_init) for bsec_iot_init
    main.o(i.main) refers to bsec_integration.o(i.bsec_iot_loop) for bsec_iot_loop
    main.o(i.main) refers to system_cms32l051.o(.data) for SystemCoreClock
    main.o(i.main) refers to main.o(.data) for g_ticks
    main.o(i.main) refers to main.o(i.config_load) for config_load
    main.o(i.main) refers to main.o(i.state_load) for state_load
    main.o(i.main) refers to common_porting.o(i.sleep) for sleep
    main.o(i.main) refers to main.o(i.bus_read) for bus_read
    main.o(i.main) refers to main.o(i.bus_write) for bus_write
    main.o(i.main) refers to main.o(i.state_save) for state_save
    main.o(i.main) refers to main.o(i.output_ready) for output_ready
    main.o(i.main) refers to main.o(i.get_timestamp_us) for get_timestamp_us
    main.o(i.output_ready) refers to _printf_percent.o(.ARM.Collect$$_printf_percent$$00000000) for _printf_percent
    main.o(i.output_ready) refers to _printf_d.o(.ARM.Collect$$_printf_percent$$00000009) for _printf_d
    main.o(i.output_ready) refers to _printf_lld.o(.ARM.Collect$$_printf_percent$$0000000E) for _printf_lld
    main.o(i.output_ready) refers to _printf_f.o(.ARM.Collect$$_printf_percent$$00000003) for _printf_f
    main.o(i.output_ready) refers to _printf_dec.o(.text) for _printf_int_dec
    main.o(i.output_ready) refers to _printf_longlong_dec.o(.text) for _printf_longlong_dec
    main.o(i.output_ready) refers to printf1.o(x$fpl$printf1) for _printf_fp_dec
    main.o(i.output_ready) refers to f2d.o(.text) for __aeabi_f2d
    main.o(i.output_ready) refers to noretval__2printf.o(.text) for __2printf
    main.o(i.output_ready) refers to ffixui.o(.text) for __aeabi_f2uiz
    main.o(i.output_ready) refers to main.o(.bss) for bme680_data
    bme680.o(i.bme680_get_profile_dur) refers to aeabi_sdiv.o(.text) for __aeabi_uidivmod
    bme680.o(i.bme680_get_regs) refers to bme680.o(i.null_ptr_check) for null_ptr_check
    bme680.o(i.bme680_get_regs) refers to bme680.o(i.set_mem_page) for set_mem_page
    bme680.o(i.bme680_get_sensor_data) refers to bme680.o(i.null_ptr_check) for null_ptr_check
    bme680.o(i.bme680_get_sensor_data) refers to bme680.o(i.read_field_data) for read_field_data
    bme680.o(i.bme680_get_sensor_mode) refers to bme680.o(i.null_ptr_check) for null_ptr_check
    bme680.o(i.bme680_get_sensor_mode) refers to bme680.o(i.bme680_get_regs) for bme680_get_regs
    bme680.o(i.bme680_get_sensor_settings) refers to bme680.o(i.null_ptr_check) for null_ptr_check
    bme680.o(i.bme680_get_sensor_settings) refers to bme680.o(i.bme680_get_regs) for bme680_get_regs
    bme680.o(i.bme680_get_sensor_settings) refers to bme680.o(i.get_gas_config) for get_gas_config
    bme680.o(i.bme680_init) refers to bme680.o(i.null_ptr_check) for null_ptr_check
    bme680.o(i.bme680_init) refers to bme680.o(i.bme680_soft_reset) for bme680_soft_reset
    bme680.o(i.bme680_init) refers to bme680.o(i.bme680_get_regs) for bme680_get_regs
    bme680.o(i.bme680_init) refers to bme680.o(i.get_calib_data) for get_calib_data
    bme680.o(i.bme680_set_profile_dur) refers to aeabi_sdiv.o(.text) for __aeabi_uidivmod
    bme680.o(i.bme680_set_regs) refers to rt_memclr.o(.text) for __aeabi_memclr4
[...]
    bsec_Channel_reset                       0x0000d761   Thumb Code    46  Channel.o(i.bsec_Channel_reset)
    bsec_Entity_parseAndDeserialize          0x0000d795   Thumb Code    34  Entity.o(i.bsec_Entity_parseAndDeserialize)
    bsec_Entity_serializeAndAdd              0x0000d7b7   Thumb Code    48  Entity.o(i.bsec_Entity_serializeAndAdd)
    bsec_ExpSmoothingBsec_ExpSmoothingBsec   0x0000d7e7   Thumb Code    30  ExpSmoothingBsec.o(i.bsec_ExpSmoothingBsec_ExpSmoothingBsec)
    bsec_ExpSmoothing_setCoeffFromBandwidth  0x0000d805   Thumb Code   128  ExpSmoothing.o(i.bsec_ExpSmoothing_setCoeffFromBandwidth)
    bsec_GasHumidityBaselineTracker_GasHumidityBaselineTracker 0x0000d889   Thumb Code    14  GasHumidityBaselineTracker.o(i.bsec_GasHumidityBaselineTracker_GasHumidityBaselineTracker)
    bsec_GasHumidityBaselineTracker_configure 0x0000d897   Thumb Code   168  GasHumidityBaselineTracker.o(i.bsec_GasHumidityBaselineTracker_configure)
    bsec_GasHumidityBaselineTracker_doStep   0x0000d9f5   Thumb Code   346  GasHumidityBaselineTracker.o(i.bsec_GasHumidityBaselineTracker_doStep)
    bsec_GasHumidityBaselineTracker_getState 0x0000dd45   Thumb Code   208  GasHumidityBaselineTracker.o(i.bsec_GasHumidityBaselineTracker_getState)
    bsec_GasHumidityBaselineTracker_setState 0x0000decd   Thumb Code    48  GasHumidityBaselineTracker.o(i.bsec_GasHumidityBaselineTracker_setState)
    bsec_GasHumidityBaselineTracker_updateInterfaceDependency 0x0000defd   Thumb Code   182  GasHumidityBaselineTracker.o(i.bsec_GasHumidityBaselineTracker_updateInterfaceDependency)
    bsec_GasHumidityPreProcessor_GasHumidityPreProcessor 0x0000e0d1   Thumb Code    24  GasHumidityPreProcessor.o(i.bsec_GasHumidityPreProcessor_GasHumidityPreProcessor)
    bsec_GasHumidityPreProcessor_configure   0x0000e0e9   Thumb Code    56  GasHumidityPreProcessor.o(i.bsec_GasHumidityPreProcessor_configure)
    bsec_GasHumidityPreProcessor_doStep      0x0000e121   Thumb Code   138  GasHumidityPreProcessor.o(i.bsec_GasHumidityPreProcessor_doStep)
    bsec_GasHumidityPreProcessor_setState    0x0000e1b1   Thumb Code    62  GasHumidityPreProcessor.o(i.bsec_GasHumidityPreProcessor_setState)
    bsec_GasHumidityPreProcessor_updateInterfaceDependency 0x0000e1f1   Thumb Code    74  GasHumidityPreProcessor.o(i.bsec_GasHumidityPreProcessor_updateInterfaceDependency)
    bsec_HumidityTemperatureCorrector_HumidityTemperatureCorrector 0x0000e241   Thumb Code    22  HumidityTemperatureCorrector.o(i.bsec_HumidityTemperatureCorrector_HumidityTemperatureCorrector)
    bsec_HumidityTemperatureCorrector_configure 0x0000e257   Thumb Code    56  HumidityTemperatureCorrector.o(i.bsec_HumidityTemperatureCorrector_configure)
    bsec_HumidityTemperatureCorrector_doStep 0x0000e291   Thumb Code   102  HumidityTemperatureCorrector.o(i.bsec_HumidityTemperatureCorrector_doStep)
    bsec_HumidityTemperatureCorrector_getState 0x0000e301   Thumb Code    90  HumidityTemperatureCorrector.o(i.bsec_HumidityTemperatureCorrector_getState)
    bsec_HumidityTemperatureCorrector_setState 0x0000e35b   Thumb Code    54  HumidityTemperatureCorrector.o(i.bsec_HumidityTemperatureCorrector_setState)
    bsec_HumidityTemperatureCorrector_updateInterfaceDependency 0x0000e391   Thumb Code   108  HumidityTemperatureCorrector.o(i.bsec_HumidityTemperatureCorrector_updateInterfaceDependency)
    bsec_IaqEstimator_IaqEstimator           0x0000e409   Thumb Code    14  IaqEstimator.o(i.bsec_IaqEstimator_IaqEstimator)
    bsec_IaqEstimator_doStep                 0x0000e419   Thumb Code   430  IaqEstimator.o(i.bsec_IaqEstimator_doStep)
    bsec_IaqEstimator_getState               0x0000e671   Thumb Code   100  IaqEstimator.o(i.bsec_IaqEstimator_getState)
    bsec_IaqEstimator_setState               0x0000e6d5   Thumb Code    86  IaqEstimator.o(i.bsec_IaqEstimator_setState)
    bsec_IaqEstimator_updateInterfaceDependency 0x0000e72d   Thumb Code    58  IaqEstimator.o(i.bsec_IaqEstimator_updateInterfaceDependency)
    bsec_SensorHeatCompensator_SensorHeatCompensator 0x0000e76d   Thumb Code    14  SensorHeatCompensator.o(i.bsec_SensorHeatCompensator_SensorHeatCompensator)
    bsec_SensorHeatCompensator_configure     0x0000e77b   Thumb Code   114  SensorHeatCompensator.o(i.bsec_SensorHeatCompensator_configure)
    bsec_SensorHeatCompensator_doStep        0x0000e7ed   Thumb Code   236  SensorHeatCompensator.o(i.bsec_SensorHeatCompensator_doStep)
    bsec_SensorHeatCompensator_getState      0x0000e8e5   Thumb Code    92  SensorHeatCompensator.o(i.bsec_SensorHeatCompensator_getState)
    bsec_SensorHeatCompensator_setState      0x0000e941   Thumb Code    56  SensorHeatCompensator.o(i.bsec_SensorHeatCompensator_setState)
    bsec_SensorStatusTracker_SensorStatusTracker 0x0000e979   Thumb Code    40  SensorStatusTracker.o(i.bsec_SensorStatusTracker_SensorStatusTracker)
    bsec_SensorStatusTracker_doStep          0x0000e9a5   Thumb Code   218  SensorStatusTracker.o(i.bsec_SensorStatusTracker_doStep)
    bsec_SensorStatusTracker_getState        0x0000ea7f   Thumb Code   142  SensorStatusTracker.o(i.bsec_SensorStatusTracker_getState)
    bsec_SensorStatusTracker_setState        0x0000eb1b   Thumb Code   132  SensorStatusTracker.o(i.bsec_SensorStatusTracker_setState)
    bsec_SensorStatusTracker_updateInterfaceDependency 0x0000eba1   Thumb Code    70  SensorStatusTracker.o(i.bsec_SensorStatusTracker_updateInterfaceDependency)
    bsec_Serialization_checkSerializationHeader 0x0000ec01   Thumb Code    66  Serialization.o(i.bsec_Serialization_checkSerializationHeader)
    bsec_Serialization_prepareSerializationHeader 0x0000ec43   Thumb Code    24  Serialization.o(i.bsec_Serialization_prepareSerializationHeader)
    bsec_absHum                              0x0000ec5d   Thumb Code    78  absHum.o(i.bsec_absHum)
    bsec_applyScalarFunctionInPlace          0x0000ecc5   Thumb Code    24  applyScalarFunctionInPlace.o(i.bsec_applyScalarFunctionInPlace)
    bsec_b_Bsec_setHyperConfiguration        0x0000ecdd   Thumb Code   318  Bsec.o(i.bsec_b_Bsec_setHyperConfiguration)
    bsec_b_Bsec_setHyperState                0x0000ee2d   Thumb Code    42  Bsec.o(i.bsec_b_Bsec_setHyperState)
    bsec_b_Channel_reset                     0x0000ef69   Thumb Code    36  Channel.o(i.bsec_b_Channel_reset)
    bsec_b_Entity_parseAndDeserialize        0x0000ef8d   Thumb Code    34  Entity.o(i.bsec_b_Entity_parseAndDeserialize)
    bsec_b_Entity_serializeAndAdd            0x0000efaf   Thumb Code    48  Entity.o(i.bsec_b_Entity_serializeAndAdd)
    bsec_b_ExpSmoothingBsec_ExpSmoothingBsec 0x0000efdf   Thumb Code    16  ExpSmoothingBsec.o(i.bsec_b_ExpSmoothingBsec_ExpSmoothingBsec)
    bsec_b_GasHumidityBaselineTracker_setState 0x0000f101   Thumb Code   198  GasHumidityBaselineTracker.o(i.bsec_b_GasHumidityBaselineTracker_setState)
    bsec_b_IaqEstimator_configure            0x0000f245   Thumb Code   168  IaqEstimator.o(i.bsec_b_IaqEstimator_configure)
    bsec_b_SensorStatusTracker_configure     0x0000f349   Thumb Code    90  SensorStatusTracker.o(i.bsec_b_SensorStatusTracker_configure)
    bsec_b_sqrt                              0x0000f3a3   Thumb Code    14  sqrt.o(i.bsec_b_sqrt)
    bsec_c_Entity_parseAndDeserialize        0x0000f3b1   Thumb Code    34  Entity.o(i.bsec_c_Entity_parseAndDeserialize)
    bsec_c_Entity_serializeAndAdd            0x0000f3d3   Thumb Code    44  Entity.o(i.bsec_c_Entity_serializeAndAdd)
    bsec_codegen_do_steps                    0x0000f401   Thumb Code   512  bsec_codegen_do_steps.o(i.bsec_codegen_do_steps)
    bsec_codegen_get_state                   0x0000f615   Thumb Code   168  bsec_codegen_get_state.o(i.bsec_codegen_get_state)
    bsec_codegen_init                        0x0000f6c1   Thumb Code     8  bsec_codegen_init.o(i.bsec_codegen_init)
    bsec_codegen_sensor_control              0x0000f6c9   Thumb Code   854  bsec_codegen_sensor_control.o(i.bsec_codegen_sensor_control)
    bsec_codegen_set_configuration           0x0000fa35   Thumb Code   128  bsec_codegen_set_configuration.o(i.bsec_codegen_set_configuration)
    bsec_codegen_set_state                   0x0000fab5   Thumb Code   126  bsec_codegen_set_state.o(i.bsec_codegen_set_state)
    bsec_codegen_update_subscription         0x0000fb35   Thumb Code   752  bsec_codegen_update_subscription.o(i.bsec_codegen_update_subscription)
    bsec_constructor_bsec                    0x0000fe61   Thumb Code    24  constructor_bsec.o(i.bsec_constructor_bsec)
    bsec_convertHumidity                     0x0000fe79   Thumb Code   198  convertHumidity.o(i.bsec_convertHumidity)
    bsec_crcCcitt2                           0x0000ffc5   Thumb Code    46  crcCcitt2.o(i.bsec_crcCcitt2)
    bsec_d_Entity_parseAndDeserialize        0x0000fffd   Thumb Code    36  Entity.o(i.bsec_d_Entity_parseAndDeserialize)
    bsec_d_Entity_serializeAndAdd            0x00010021   Thumb Code    60  Entity.o(i.bsec_d_Entity_serializeAndAdd)
    bsec_do_steps                            0x0001005d   Thumb Code    28  bsec_interface.o(i.bsec_do_steps)
    bsec_e_Entity_parseAndDeserialize        0x0001007d   Thumb Code    28  Entity.o(i.bsec_e_Entity_parseAndDeserialize)
    bsec_e_Entity_serializeAndAdd            0x00010099   Thumb Code    44  Entity.o(i.bsec_e_Entity_serializeAndAdd)
    bsec_f_Entity_parseAndDeserialize        0x000100c5   Thumb Code    18  Entity.o(i.bsec_f_Entity_parseAndDeserialize)
    bsec_f_Entity_serializeAndAdd            0x000100d7   Thumb Code    32  Entity.o(i.bsec_f_Entity_serializeAndAdd)
    bsec_g_Entity_parseAndDeserialize        0x000100f7   Thumb Code    32  Entity.o(i.bsec_g_Entity_parseAndDeserialize)
    bsec_g_Entity_serializeAndAdd            0x00010117   Thumb Code    48  Entity.o(i.bsec_g_Entity_serializeAndAdd)
    bsec_get_state                           0x00010149   Thumb Code    48  bsec_interface.o(i.bsec_get_state)
    bsec_h_Entity_parseAndDeserialize        0x0001017d   Thumb Code    16  Entity.o(i.bsec_h_Entity_parseAndDeserialize)
    bsec_h_Entity_serializeAndAdd            0x0001018d   Thumb Code    26  Entity.o(i.bsec_h_Entity_serializeAndAdd)
    bsec_i_Entity_parseAndDeserialize        0x000101a7   Thumb Code    48  Entity.o(i.bsec_i_Entity_parseAndDeserialize)
    bsec_init                                0x000101d9   Thumb Code    12  bsec_interface.o(i.bsec_init)
    bsec_iot_init                            0x000101e9   Thumb Code   302  bsec_integration.o(i.bsec_iot_init)
    bsec_iot_loop                            0x00010339   Thumb Code   306  bsec_integration.o(i.bsec_iot_loop)
    bsec_isequal                             0x0001048d   Thumb Code    18  isequal.o(i.bsec_isequal)
    bsec_j_Entity_parseAndDeserialize        0x0001049f   Thumb Code    48  Entity.o(i.bsec_j_Entity_parseAndDeserialize)
    bsec_k_Entity_parseAndDeserialize        0x000104cf   Thumb Code    48  Entity.o(i.bsec_k_Entity_parseAndDeserialize)
    bsec_l_Entity_parseAndDeserialize        0x000104ff   Thumb Code    34  Entity.o(i.bsec_l_Entity_parseAndDeserialize)
    bsec_log                                 0x00010521   Thumb Code    14  log.o(i.bsec_log)
    bsec_log10                               0x0001052f   Thumb Code    14  log10.o(i.bsec_log10)
    bsec_m_Entity_parseAndDeserialize        0x0001053d   Thumb Code    36  Entity.o(i.bsec_m_Entity_parseAndDeserialize)
    bsec_n_Entity_parseAndDeserialize        0x00010561   Thumb Code    36  Entity.o(i.bsec_n_Entity_parseAndDeserialize)
    bsec_o_Entity_parseAndDeserialize        0x00010585   Thumb Code    20  Entity.o(i.bsec_o_Entity_parseAndDeserialize)
    bsec_p_Entity_parseAndDeserialize        0x00010599   Thumb Code    34  Entity.o(i.bsec_p_Entity_parseAndDeserialize)
    bsec_polyval                             0x000105bb   Thumb Code    22  polyval.o(i.bsec_polyval)
    bsec_q_Entity_parseAndDeserialize        0x000105d1   Thumb Code    48  Entity.o(i.bsec_q_Entity_parseAndDeserialize)
    bsec_rt_roundd                           0x00010601   Thumb Code    98  bsec_codegen_rtwutil.o(i.bsec_rt_roundd)
    bsec_sensor_control                      0x00010671   Thumb Code    26  bsec_interface.o(i.bsec_sensor_control)
    bsec_set_configuration                   0x00010691   Thumb Code    18  bsec_interface.o(i.bsec_set_configuration)
    bsec_set_state                           0x000106a9   Thumb Code    18  bsec_interface.o(i.bsec_set_state)
    bsec_sin                                 0x000106c1   Thumb Code    24  sin.o(i.bsec_sin)
    bsec_sqrt                                0x000106d9   Thumb Code     8  sqrt.o(i.bsec_sqrt)
    bsec_update_subscription                 0x000106e1   Thumb Code    28  bsec_interface.o(i.bsec_update_subscription)
    bus_read                                 0x00010701   Thumb Code    26  main.o(i.bus_read)
    bus_write                                0x0001071b   Thumb Code    26  main.o(i.bus_write)
    ceil                                     0x00010b15   Thumb Code   180  ceil.o(i.ceil)
    config_load                              0x00010bdd   Thumb Code     6  main.o(i.config_load)
    __mathlib_expf                           0x00010be5   Thumb Code     0  expf.o(i.expf)
    expf                                     0x00010be5   Thumb Code   294  expf.o(i.expf)
    ferror                                   0x00010d3d   Thumb Code     8  retarget.o(i.ferror)
    floor                                    0x00010d45   Thumb Code   180  floor.o(i.floor)
    floorf                                   0x00010e0d   Thumb Code    98  floorf.o(i.floorf)
    fmaxf                                    0x00010e7d   Thumb Code    38  fmaxf.o(i.fmaxf)
    fminf                                    0x00010ea3   Thumb Code    38  fminf.o(i.fminf)
    fputc                                    0x00010ec9   Thumb Code    26  retarget.o(i.fputc)
    get_timestamp_us                         0x000110dd   Thumb Code    26  main.o(i.get_timestamp_us)
    hard_fault_handler_c                     0x000110fd   Thumb Code   116  main.o(i.hard_fault_handler_c)
    IRQ02_Handler                            0x00011241   Thumb Code     0  sim_i2c_slave.o(i.intp_1_interrupt)
    intp_1_interrupt                         0x00011241   Thumb Code    14  sim_i2c_slave.o(i.intp_1_interrupt)
    IRQ03_Handler                            0x00011255   Thumb Code     0  sim_i2c_slave.o(i.intp_2_interrupt)
    intp_2_interrupt                         0x00011255   Thumb Code    14  sim_i2c_slave.o(i.intp_2_interrupt)
    log10f                                   0x00011269   Thumb Code   368  log10f.o(i.log10f)
    __mathlib_logf                           0x0001140d   Thumb Code     0  logf.o(i.logf)
    logf                                     0x0001140d   Thumb Code   338  logf.o(i.logf)
    main                                     0x00011589   Thumb Code   180  main.o(i.main)
    output_ready                             0x000116ad   Thumb Code   174  main.o(i.output_ready)
    __mathlib_powf                           0x000117d9   Thumb Code     0  powf.o(i.powf)
    powf                                     0x000117d9   Thumb Code  1538  powf.o(i.powf)
    roundf                                   0x00011f19   Thumb Code   116  roundf.o(i.roundf)
    sinf                                     0x0001206d   Thumb Code   330  sinf.o(i.sinf)
    sleep                                    0x000121f1   Thumb Code    16  common_porting.o(i.sleep)
    sqrtf                                    0x00012205   Thumb Code    44  sqrtf.o(i.sqrtf)
    state_load                               0x00012231   Thumb Code     6  main.o(i.state_load)
    state_save                               0x00012237   Thumb Code     2  main.o(i.state_save)
    NMI_Handler                              0x00012239   Thumb Code     0  wdt_user.o(i.wdt_interrupt)
    wdt_interrupt                            0x00012239   Thumb Code    18  wdt_user.o(i.wdt_interrupt)
    _get_lc_numeric                          0x00012251   Thumb Code    44  lc_numeric_c.o(locale$$code)
    __aeabi_cdcmple                          0x0001227d   Thumb Code     0  dlef.o(x$fpl$dleqf)
    _dcmple                                  0x0001227d   Thumb Code    94  dlef.o(x$fpl$dleqf)
    __aeabi_cdrcmple                         0x000122e1   Thumb Code     0  drlef.o(x$fpl$drleqf)
    _drcmple                                 0x000122e1   Thumb Code   100  drlef.o(x$fpl$drleqf)
    __aeabi_fadd                             0x00012349   Thumb Code     0  faddsub.o(x$fpl$fadd)
    _fadd                                    0x00012349   Thumb Code   134  faddsub.o(x$fpl$fadd)
    __aeabi_cfcmple                          0x000123d5   Thumb Code     0  flef.o(x$fpl$fleqf)
    _fcmple                                  0x000123d5   Thumb Code    78  flef.o(x$fpl$fleqf)
    __aeabi_fmul                             0x00012429   Thumb Code     0  fmul.o(x$fpl$fmul)
    _fmul                                    0x00012429   Thumb Code   172  fmul.o(x$fpl$fmul)
    __aeabi_cfrcmple                         0x000124d9   Thumb Code     0  frlef.o(x$fpl$frleqf)
    _frcmple                                 0x000124d9   Thumb Code    84  frlef.o(x$fpl$frleqf)
    __aeabi_frsub                            0x00012531   Thumb Code     0  faddsub.o(x$fpl$frsb)
    _frsb                                    0x00012531   Thumb Code    24  faddsub.o(x$fpl$frsb)
    __aeabi_fsub                             0x00012549   Thumb Code     0  faddsub.o(x$fpl$fsub)
    _fsub                                    0x00012549   Thumb Code   204  faddsub.o(x$fpl$fsub)
    _printf_fp_dec                           0x00012619   Thumb Code    16  printf1.o(x$fpl$printf1)
    __I$use$fp                               0x00012628   Number         0  usenofp.o(x$fpl$usenofp)
    sps_tbl                                  0x000126a8   Data          32  sci.o(.constdata)
    uv0                                      0x0001278c   Data          21  bsec_codegen_data.o(.constdata)
    iv0                                      0x000127a2   Data          42  bsec_codegen_data.o(.constdata)
    iv1                                      0x000127cc   Data          84  bsec_codegen_data.o(.constdata)
    uv2                                      0x00012820   Data          24  bsec_codegen_data.o(.constdata)
    Region$$Table$$Base                      0x00012e34   Number         0  anon$$obj.o(Region$$Table)
    Region$$Table$$Limit                     0x00012e64   Number         0  anon$$obj.o(Region$$Table)
    tick_cnt                                 0x00012e80   Data           4  main.o(.data)
    iaq_temp                                 0x00012e84   Data           2  main.o(.data)
    g_ticks                                  0x00012e88   Data           4  main.o(.data)
    __stdout                                 0x00012e8c   Data           4  retarget.o(.data)
    __stdin                                  0x00012e90   Data           4  retarget.o(.data)
    gp_uart0_tx_address                      0x00012e94   Data           4  sci.o(.data)
    g_uart0_tx_count                         0x00012e98   Data           2  sci.o(.data)
    gp_uart0_rx_address                      0x00012e9c   Data           4  sci.o(.data)
    g_uart0_rx_count                         0x00012ea0   Data           2  sci.o(.data)
    g_uart0_rx_length                        0x00012ea2   Data           2  sci.o(.data)
    gp_spi00_rx_address                      0x00012ea4   Data           4  sci.o(.data)
    g_spi00_rx_length                        0x00012ea8   Data           2  sci.o(.data)
    g_spi00_rx_count                         0x00012eaa   Data           2  sci.o(.data)
    gp_spi00_tx_address                      0x00012eac   Data           4  sci.o(.data)
    g_spi00_tx_length                        0x00012eb0   Data           2  sci.o(.data)
    g_spi00_tx_count                         0x00012eb2   Data           2  sci.o(.data)
    gp_spi01_rx_address                      0x00012eb4   Data           4  sci.o(.data)
    g_spi01_rx_length                        0x00012eb8   Data           2  sci.o(.data)
    g_spi01_rx_count                         0x00012eba   Data           2  sci.o(.data)
    gp_spi01_tx_address                      0x00012ebc   Data           4  sci.o(.data)
    g_spi01_tx_length                        0x00012ec0   Data           2  sci.o(.data)
    g_spi01_tx_count                         0x00012ec2   Data           2  sci.o(.data)
    g_iic00_master_status_flag               0x00012ec4   Data           1  sci.o(.data)
    gp_iic00_tx_address                      0x00012ec8   Data           4  sci.o(.data)
    g_iic00_tx_count                         0x00012ecc   Data           2  sci.o(.data)
    gp_iic00_rx_address                      0x00012ed0   Data           4  sci.o(.data)
    g_iic00_rx_count                         0x00012ed4   Data           2  sci.o(.data)
    g_iic00_rx_length                        0x00012ed6   Data           2  sci.o(.data)
    g_iic01_master_status_flag               0x00012ed8   Data           1  sci.o(.data)
    gp_iic01_tx_address                      0x00012edc   Data           4  sci.o(.data)
    g_iic01_tx_count                         0x00012ee0   Data           2  sci.o(.data)
    gp_iic01_rx_address                      0x00012ee4   Data           4  sci.o(.data)
    g_iic01_rx_count                         0x00012ee8   Data           2  sci.o(.data)
    g_iic01_rx_length                        0x00012eea   Data           2  sci.o(.data)
    gp_uart1_tx_address                      0x00012eec   Data           4  sci.o(.data)
    g_uart1_tx_count                         0x00012ef0   Data           2  sci.o(.data)
    gp_uart1_rx_address                      0x00012ef4   Data           4  sci.o(.data)
    g_uart1_rx_count                         0x00012ef8   Data           2  sci.o(.data)
    g_uart1_rx_length                        0x00012efa   Data           2  sci.o(.data)
    gp_spi10_rx_address                      0x00012efc   Data           4  sci.o(.data)
    g_spi10_rx_length                        0x00012f00   Data           2  sci.o(.data)
    g_spi10_rx_count                         0x00012f02   Data           2  sci.o(.data)
    gp_spi10_tx_address                      0x00012f04   Data           4  sci.o(.data)
    g_spi10_tx_length                        0x00012f08   Data           2  sci.o(.data)
    g_spi10_tx_count                         0x00012f0a   Data           2  sci.o(.data)
    gp_spi11_rx_address                      0x00012f0c   Data           4  sci.o(.data)
    g_spi11_rx_length                        0x00012f10   Data           2  sci.o(.data)
    g_spi11_rx_count                         0x00012f12   Data           2  sci.o(.data)
    gp_spi11_tx_address                      0x00012f14   Data           4  sci.o(.data)
    g_spi11_tx_length                        0x00012f18   Data           2  sci.o(.data)
    g_spi11_tx_count                         0x00012f1a   Data           2  sci.o(.data)
    g_iic10_master_status_flag               0x00012f1c   Data           1  sci.o(.data)
    gp_iic10_tx_address                      0x00012f20   Data           4  sci.o(.data)
    g_iic10_tx_count                         0x00012f24   Data           2  sci.o(.data)
    gp_iic10_rx_address                      0x00012f28   Data           4  sci.o(.data)
    g_iic10_rx_count                         0x00012f2c   Data           2  sci.o(.data)
    g_iic10_rx_length                        0x00012f2e   Data           2  sci.o(.data)
    g_iic11_master_status_flag               0x00012f30   Data           1  sci.o(.data)
    gp_iic11_tx_address                      0x00012f34   Data           4  sci.o(.data)
    g_iic11_tx_count                         0x00012f38   Data           2  sci.o(.data)
    gp_iic11_rx_address                      0x00012f3c   Data           4  sci.o(.data)
    g_iic11_rx_count                         0x00012f40   Data           2  sci.o(.data)
    g_iic11_rx_length                        0x00012f42   Data           2  sci.o(.data)
    gp_uart2_tx_address                      0x00012f44   Data           4  sci.o(.data)
    g_uart2_tx_count                         0x00012f48   Data           2  sci.o(.data)
    gp_uart2_rx_address                      0x00012f4c   Data           4  sci.o(.data)
    g_uart2_rx_count                         0x00012f50   Data           2  sci.o(.data)
    g_uart2_rx_length                        0x00012f52   Data           2  sci.o(.data)
    gp_spi20_rx_address                      0x00012f54   Data           4  sci.o(.data)
    g_spi20_rx_length                        0x00012f58   Data           2  sci.o(.data)
    g_spi20_rx_count                         0x00012f5a   Data           2  sci.o(.data)
    gp_spi20_tx_address                      0x00012f5c   Data           4  sci.o(.data)
    g_spi20_tx_length                        0x00012f60   Data           2  sci.o(.data)
    g_spi20_tx_count                         0x00012f62   Data           2  sci.o(.data)
    gp_spi21_rx_address                      0x00012f64   Data           4  sci.o(.data)
    g_spi21_rx_length                        0x00012f68   Data           2  sci.o(.data)
    g_spi21_rx_count                         0x00012f6a   Data           2  sci.o(.data)
    gp_spi21_tx_address                      0x00012f6c   Data           4  sci.o(.data)
    g_spi21_tx_length                        0x00012f70   Data           2  sci.o(.data)
    g_spi21_tx_count                         0x00012f72   Data           2  sci.o(.data)
    g_iic20_master_status_flag               0x00012f74   Data           1  sci.o(.data)
    gp_iic20_tx_address                      0x00012f78   Data           4  sci.o(.data)
    g_iic20_tx_count                         0x00012f7c   Data           2  sci.o(.data)
    gp_iic20_rx_address                      0x00012f80   Data           4  sci.o(.data)
    g_iic20_rx_count                         0x00012f84   Data           2  sci.o(.data)
    g_iic20_rx_length                        0x00012f86   Data           2  sci.o(.data)
    g_iic21_master_status_flag               0x00012f88   Data           1  sci.o(.data)
    gp_iic21_tx_address                      0x00012f8c   Data           4  sci.o(.data)
    g_iic21_tx_count                         0x00012f90   Data           2  sci.o(.data)
    gp_iic21_rx_address                      0x00012f94   Data           4  sci.o(.data)
    g_iic21_rx_count                         0x00012f98   Data           2  sci.o(.data)
    g_iic21_rx_length                        0x00012f9a   Data           2  sci.o(.data)
    g_iic00_tx_end                           0x00012fa8   Data           1  sci_user.o(.data)
    g_iic00_rx_end                           0x00012fa9   Data           1  sci_user.o(.data)
    g_iic01_tx_end                           0x00012faa   Data           1  sci_user.o(.data)
    g_iic01_rx_end                           0x00012fab   Data           1  sci_user.o(.data)
    g_iic10_tx_end                           0x00012fac   Data           1  sci_user.o(.data)
    g_iic10_rx_end                           0x00012fad   Data           1  sci_user.o(.data)
    g_iic11_tx_end                           0x00012fae   Data           1  sci_user.o(.data)
    g_iic11_rx_end                           0x00012faf   Data           1  sci_user.o(.data)
    g_iic20_tx_end                           0x00012fb0   Data           1  sci_user.o(.data)
    g_iic20_rx_end                           0x00012fb1   Data           1  sci_user.o(.data)
    g_iic21_tx_end                           0x00012fb2   Data           1  sci_user.o(.data)
    g_iic21_rx_end                           0x00012fb3   Data           1  sci_user.o(.data)
    SwSlaveI2C                               0x00012fb8   Data          24  sim_i2c_slave.o(.data)
    g_WdtIntTaken                            0x00012fd0   Data           4  wdt_user.o(.data)
    SystemCoreClock                          0x00012fd4   Data           4  system_cms32l051.o(.data)
    bme680_data                              0x00012fd8   Data          11  main.o(.bss)
    tx_buf                                   0x00013050   Data         256  common_porting.o(.bss)
    rx_buf                                   0x00013150   Data         256  common_porting.o(.bss)
    RxDataBuf                                0x00013250   Data          20  sim_i2c_slave.o(.bss)
    TxDataBuf                                0x00013264   Data          20  sim_i2c_slave.o(.bss)
    __libspace_start                         0x00013758   Data          96  libspace.o(.bss)
    __temporary_stack_top$libspace           0x000137b8   Data           0  libspace.o(.bss)



==============================================================================

Memory Map of the image

  Image Entry point : 0x00008201

  Load Region LR_1 (Base: 0x00008000, Size: 0x0000afd8, Max: 0xffffffff, ABSOLUTE, COMPRESSED[0x0000ae94])

    Execution Region ER_RO (Exec base: 0x00008000, Load base: 0x00008000, Size: 0x0000ae80, Max: 0xffffffff, ABSOLUTE)

    Exec Addr    Load Addr    Size         Type   Attr      Idx    E Section Name        Object

    0x00008000   0x00008000   0x000000c0   Data   RO         1624    RESET               startup_cms32l051.o
    0x000080c0   0x000080c0   0x00000008   Code   RO         2078  * !!!main             c_p.l(__main.o)
    0x000080c8   0x000080c8   0x0000003c   Code   RO         2460    !!!scatter          c_p.l(__scatter.o)
    0x00008104   0x00008104   0x0000001a   Code   RO         2462    !!handler_copy      c_p.l(__scatter_copy.o)
    0x0000811e   0x0000811e   0x00000002   PAD
    0x00008120   0x00008120   0x0000001c   Code   RO         2464    !!handler_zi        c_p.l(__scatter_zi.o)
    0x0000813c   0x0000813c   0x00000002   Code   RO         2064    .ARM.Collect$$_printf_percent$$00000000  c_p.l(_printf_percent.o)
    0x0000813e   0x0000813e   0x0000000a   Code   RO         2063    .ARM.Collect$$_printf_percent$$00000003  c_p.l(_printf_f.o)
    0x00008148   0x00008148   0x0000000a   Code   RO         2222    .ARM.Collect$$_printf_percent$$00000007  c_p.l(_printf_ll.o)
    0x00008152   0x00008152   0x0000000a   Code   RO         2062    .ARM.Collect$$_printf_percent$$00000009  c_p.l(_printf_d.o)
    0x0000815c   0x0000815c   0x0000000a   Code   RO         2061    .ARM.Collect$$_printf_percent$$0000000C  c_p.l(_printf_x.o)
    0x00008166   0x00008166   0x0000000a   Code   RO         2065    .ARM.Collect$$_printf_percent$$0000000E  c_p.l(_printf_lld.o)
    0x00008170   0x00008170   0x00000004   Code   RO         2221    .ARM.Collect$$_printf_percent$$00000017  c_p.l(_printf_percent_end.o)
    0x00008174   0x00008174   0x00000002   Code   RO         2331    .ARM.Collect$$libinit$$00000000  c_p.l(libinit.o)
    0x00008176   0x00008176   0x00000000   Code   RO         2333    .ARM.Collect$$libinit$$00000002  c_p.l(libinit2.o)
    0x00008176   0x00008176   0x00000000   Code   RO         2335    .ARM.Collect$$libinit$$00000004  c_p.l(libinit2.o)
    0x00008176   0x00008176   0x00000000   Code   RO         2338    .ARM.Collect$$libinit$$0000000A  c_p.l(libinit2.o)
    0x00008176   0x00008176   0x00000000   Code   RO         2340    .ARM.Collect$$libinit$$0000000C  c_p.l(libinit2.o)
    0x00008176   0x00008176   0x00000000   Code   RO         2342    .ARM.Collect$$libinit$$0000000E  c_p.l(libinit2.o)
    0x00008176   0x00008176   0x00000006   Code   RO         2343    .ARM.Collect$$libinit$$0000000F  c_p.l(libinit2.o)
    0x0000817c   0x0000817c   0x00000000   Code   RO         2345    .ARM.Collect$$libinit$$00000011  c_p.l(libinit2.o)
    0x0000817c   0x0000817c   0x00000000   Code   RO         2347    .ARM.Collect$$libinit$$00000013  c_p.l(libinit2.o)
    0x0000817c   0x0000817c   0x00000000   Code   RO         2349    .ARM.Collect$$libinit$$00000015  c_p.l(libinit2.o)
    0x0000817c   0x0000817c   0x0000000a   Code   RO         2350    .ARM.Collect$$libinit$$00000016  c_p.l(libinit2.o)
    0x00008186   0x00008186   0x00000000   Code   RO         2351    .ARM.Collect$$libinit$$00000017  c_p.l(libinit2.o)
    0x00008186   0x00008186   0x00000000   Code   RO         2353    .ARM.Collect$$libinit$$00000019  c_p.l(libinit2.o)
    0x00008186   0x00008186   0x00000000   Code   RO         2355    .ARM.Collect$$libinit$$0000001B  c_p.l(libinit2.o)
    0x00008186   0x00008186   0x00000000   Code   RO         2357    .ARM.Collect$$libinit$$0000001D  c_p.l(libinit2.o)
    0x00008186   0x00008186   0x00000000   Code   RO         2359    .ARM.Collect$$libinit$$0000001F  c_p.l(libinit2.o)
    0x00008186   0x00008186   0x00000000   Code   RO         2361    .ARM.Collect$$libinit$$00000021  c_p.l(libinit2.o)
    0x00008186   0x00008186   0x00000000   Code   RO         2363    .ARM.Collect$$libinit$$00000023  c_p.l(libinit2.o)
    0x00008186   0x00008186   0x00000000   Code   RO         2365    .ARM.Collect$$libinit$$00000025  c_p.l(libinit2.o)
    0x00008186   0x00008186   0x00000000   Code   RO         2369    .ARM.Collect$$libinit$$0000002C  c_p.l(libinit2.o)
    0x00008186   0x00008186   0x00000000   Code   RO         2371    .ARM.Collect$$libinit$$0000002E  c_p.l(libinit2.o)
    0x00008186   0x00008186   0x00000000   Code   RO         2373    .ARM.Collect$$libinit$$00000030  c_p.l(libinit2.o)
    0x00008186   0x00008186   0x00000000   Code   RO         2375    .ARM.Collect$$libinit$$00000032  c_p.l(libinit2.o)
    0x00008186   0x00008186   0x00000002   Code   RO         2376    .ARM.Collect$$libinit$$00000033  c_p.l(libinit2.o)
    0x00008188   0x00008188   0x00000002   Code   RO         2419    .ARM.Collect$$libshutdown$$00000000  c_p.l(libshutdown.o)
    0x0000818a   0x0000818a   0x00000000   Code   RO         2440    .ARM.Collect$$libshutdown$$00000002  c_p.l(libshutdown2.o)
    0x0000818a   0x0000818a   0x00000000   Code   RO         2442    .ARM.Collect$$libshutdown$$00000004  c_p.l(libshutdown2.o)
    0x0000818a   0x0000818a   0x00000000   Code   RO         2444    .ARM.Collect$$libshutdown$$00000006  c_p.l(libshutdown2.o)
    0x0000818a   0x0000818a   0x00000000   Code   RO         2447    .ARM.Collect$$libshutdown$$00000009  c_p.l(libshutdown2.o)
    0x0000818a   0x0000818a   0x00000000   Code   RO         2450    .ARM.Collect$$libshutdown$$0000000C  c_p.l(libshutdown2.o)
    0x0000818a   0x0000818a   0x00000000   Code   RO         2452    .ARM.Collect$$libshutdown$$0000000E  c_p.l(libshutdown2.o)
    0x0000818a   0x0000818a   0x00000000   Code   RO         2455    .ARM.Collect$$libshutdown$$00000011  c_p.l(libshutdown2.o)
    0x0000818a   0x0000818a   0x00000002   Code   RO         2456    .ARM.Collect$$libshutdown$$00000012  c_p.l(libshutdown2.o)
    0x0000818c   0x0000818c   0x00000000   Code   RO         2204    .ARM.Collect$$rtentry$$00000000  c_p.l(__rtentry.o)
    0x0000818c   0x0000818c   0x00000000   Code   RO         2260    .ARM.Collect$$rtentry$$00000002  c_p.l(__rtentry2.o)
    0x0000818c   0x0000818c   0x00000006   Code   RO         2272    .ARM.Collect$$rtentry$$00000004  c_p.l(__rtentry4.o)
    0x00008192   0x00008192   0x00000000   Code   RO         2262    .ARM.Collect$$rtentry$$00000009  c_p.l(__rtentry2.o)
    0x00008192   0x00008192   0x00000004   Code   RO         2263    .ARM.Collect$$rtentry$$0000000A  c_p.l(__rtentry2.o)
    0x00008196   0x00008196   0x00000000   Code   RO         2265    .ARM.Collect$$rtentry$$0000000C  c_p.l(__rtentry2.o)
    0x00008196   0x00008196   0x00000008   Code   RO         2266    .ARM.Collect$$rtentry$$0000000D  c_p.l(__rtentry2.o)
    0x0000819e   0x0000819e   0x00000002   Code   RO         2380    .ARM.Collect$$rtexit$$00000000  c_p.l(rtexit.o)
    0x000081a0   0x000081a0   0x00000000   Code   RO         2393    .ARM.Collect$$rtexit$$00000002  c_p.l(rtexit2.o)
    0x000081a0   0x000081a0   0x00000004   Code   RO         2394    .ARM.Collect$$rtexit$$00000003  c_p.l(rtexit2.o)
    0x000081a4   0x000081a4   0x00000006   Code   RO         2395    .ARM.Collect$$rtexit$$00000004  c_p.l(rtexit2.o)
    0x000081aa   0x000081aa   0x00000002   PAD
    0x000081ac   0x000081ac   0x0000001c   Code   RO            3    .emb_text           main.o
    0x000081c8   0x000081c8   0x00000038   Code   RO         2066    .emb_text           c_p.l(rt_memcpy.o)
    0x00008200   0x00008200   0x00000080   Code   RO         1625  * .text               startup_cms32l051.o
    0x00008280   0x00008280   0x00000030   Code   RO         2006    .text               c_p.l(llmul.o)
    0x000082b0   0x000082b0   0x00000070   Code   RO         2008    .text               c_p.l(llsdiv.o)
    0x00008320   0x00008320   0x0000001c   Code   RO         2012    .text               c_p.l(noretval__2printf.o)
    0x0000833c   0x0000833c   0x0000006c   Code   RO         2016    .text               c_p.l(_printf_dec.o)
    0x000083a8   0x000083a8   0x00000070   Code   RO         2018    .text               c_p.l(_printf_longlong_dec.o)
    0x00008418   0x00008418   0x00000058   Code   RO         2023    .text               c_p.l(_printf_hex_int.o)
    0x00008470   0x00008470   0x00000188   Code   RO         2058    .text               c_p.l(__printf_flags_ss_wp.o)
    0x000085f8   0x000085f8   0x00000082   Code   RO         2067    .text               c_p.l(rt_memcpy.o)
    0x0000867a   0x0000867a   0x00000040   Code   RO         2070    .text               c_p.l(rt_memclr.o)
    0x000086ba   0x000086ba   0x0000015a   Code   RO         2072    .text               c_p.l(aeabi_sdiv.o)
    0x00008814   0x00008814   0x00000006   Code   RO         2076    .text               c_p.l(heapauxi.o)
    0x0000881a   0x0000881a   0x00000002   PAD
    0x0000881c   0x0000881c   0x0000007c   Code   RO         2080    .text               fz_ps.l(d2f.o)
    0x00008898   0x00008898   0x00000358   Code   RO         2082    .text               fz_ps.l(daddsub.o)
    0x00008bf0   0x00008bf0   0x00000448   Code   RO         2084    .text               fz_ps.l(ddiv.o)
    0x00009038   0x00009038   0x000000b4   Code   RO         2087    .text               fz_ps.l(dfixl.o)
    0x000090ec   0x000090ec   0x00000048   Code   RO         2089    .text               fz_ps.l(dfixui.o)
    0x00009134   0x00009134   0x00000058   Code   RO         2091    .text               fz_ps.l(dflti.o)
    0x0000918c   0x0000918c   0x00000084   Code   RO         2093    .text               fz_ps.l(dfltl.o)
    0x00009210   0x00009210   0x00000248   Code   RO         2097    .text               fz_ps.l(dmul.o)
    0x00009458   0x00009458   0x00000054   Code   RO         2101    .text               fz_ps.l(f2d.o)
    0x000094ac   0x000094ac   0x00000160   Code   RO         2109    .text               fz_ps.l(fdiv.o)
    0x0000960c   0x0000960c   0x0000004c   Code   RO         2112    .text               fz_ps.l(ffixi.o)
    0x00009658   0x00009658   0x00000030   Code   RO         2114    .text               fz_ps.l(ffixui.o)
    0x00009688   0x00009688   0x0000005e   Code   RO         2116    .text               fz_ps.l(fflti.o)
    0x000096e6   0x000096e6   0x00000082   Code   RO         2118    .text               fz_ps.l(ffltl.o)
    0x00009768   0x00009768   0x00000044   Code   RO         2126    .text               fz_ps.l(fscalbn.o)
    0x000097ac   0x000097ac   0x0000007a   Code   RO         2209    .text               c_p.l(lludiv10.o)
    0x00009826   0x00009826   0x00000102   Code   RO         2211    .text               c_p.l(lludiv.o)
    0x00009928   0x00009928   0x00000016   Code   RO         2213    .text               c_p.l(_rserrno.o)
    0x0000993e   0x0000993e   0x000000b0   Code   RO         2215    .text               c_p.l(_printf_intcommon.o)
    0x000099ee   0x000099ee   0x00000002   PAD
    0x000099f0   0x000099f0   0x00000418   Code   RO         2217    .text               c_p.l(_printf_fp_dec.o)
    0x00009e08   0x00009e08   0x00000028   Code   RO         2219    .text               c_p.l(_printf_char_file.o)
    0x00009e30   0x00009e30   0x00000028   Code   RO         2223    .text               c_p.l(rtudiv10.o)
    0x00009e58   0x00009e58   0x00000090   Code   RO         2225    .text               fz_ps.l(dcmpin.o)
    0x00009ee8   0x00009ee8   0x000000b0   Code   RO         2227    .text               fz_ps.l(fcmp4.o)
    0x00009f98   0x00009f98   0x00000064   Code   RO         2229    .text               fz_ps.l(fcmpin.o)
    0x00009ffc   0x00009ffc   0x0000008a   Code   RO         2231    .text               fz_ps.l(ffixir.o)
    0x0000a086   0x0000a086   0x00000002   PAD
    0x0000a088   0x0000a088   0x00000080   Code   RO         2233    .text               fz_ps.l(frnd.o)
    0x0000a108   0x0000a108   0x00000090   Code   RO         2235    .text               fz_ps.l(fsqrt.o)
    0x0000a198   0x0000a198   0x00000008   Code   RO         2283    .text               c_p.l(rt_locale_intlibspace.o)
    0x0000a1a0   0x0000a1a0   0x00000008   Code   RO         2288    .text               c_p.l(rt_errno_addr_intlibspace.o)
    0x0000a1a8   0x0000a1a8   0x00000030   Code   RO         2290    .text               c_p.l(_printf_char_common.o)
    0x0000a1d8   0x0000a1d8   0x00000088   Code   RO         2292    .text               c_p.l(_printf_fp_infnan.o)
    0x0000a260   0x0000a260   0x000000d8   Code   RO         2294    .text               c_p.l(bigflt0.o)
    0x0000a338   0x0000a338   0x00000580   Code   RO         2297    .text               c_p.l(btod.o)
    0x0000a8b8   0x0000a8b8   0x0000002e   Code   RO         2302    .text               fz_ps.l(cmpret.o)
    0x0000a8e6   0x0000a8e6   0x00000002   PAD
    0x0000a8e8   0x0000a8e8   0x00000014   Code   RO         2304    .text               fz_ps.l(dnan2.o)
    0x0000a8fc   0x0000a8fc   0x00000010   Code   RO         2306    .text               fz_ps.l(fnan2.o)
    0x0000a90c   0x0000a90c   0x00000008   Code   RO         2310    .text               c_p.l(libspace.o)
    0x0000a914   0x0000a914   0x0000003e   Code   RO         2313    .text               c_p.l(sys_stackheap_outer.o)
    0x0000a952   0x0000a952   0x00000010   Code   RO         2318    .text               c_p.l(exit.o)
    0x0000a962   0x0000a962   0x00000002   PAD
    0x0000a964   0x0000a964   0x00000088   Code   RO         2324    .text               c_p.l(strcmp.o)
    0x0000a9ec   0x0000a9ec   0x0000005e   Code   RO         2377    .text               fz_ps.l(retnan.o)
    0x0000aa4a   0x0000aa4a   0x00000056   Code   RO         2458    .text               c_p.l(__dczerorl2.o)
    0x0000aaa0   0x0000aaa0   0x00000090   Code   RO         1631    i.CLK_GetHocoFreq   system_cms32l051.o
    0x0000ab30   0x0000ab30   0x00000044   Code   RO         1522    i.I2C_intp1         sim_i2c_slave.o
    0x0000ab74   0x0000ab74   0x0000028c   Code   RO         1523    i.I2C_intp2         sim_i2c_slave.o
    0x0000ae00   0x0000ae00   0x000000ec   Code   RO          398    i.IIC11_Init        sci.o
    0x0000aeec   0x0000aeec   0x0000007c   Code   RO          399    i.IIC11_MasterReceive  sci.o
    0x0000af68   0x0000af68   0x00000070   Code   RO          400    i.IIC11_MasterSend  sci.o
    0x0000afd8   0x0000afd8   0x0000005c   Code   RO          401    i.IIC11_StartCondition  sci.o
    0x0000b034   0x0000b034   0x00000028   Code   RO          402    i.IIC11_Stop        sci.o
    0x0000b05c   0x0000b05c   0x00000064   Code   RO          403    i.IIC11_StopCondition  sci.o
    0x0000b0c0   0x0000b0c0   0x00000058   Code   RO         1351    i.IIC11_read        common_porting.o
    0x0000b118   0x0000b118   0x00000044   Code   RO         1352    i.IIC11_write       common_porting.o
    0x0000b15c   0x0000b15c   0x000001f8   Code   RO         1490    i.INTP_Init         intp.o
    0x0000b354   0x0000b354   0x0000005c   Code   RO         1491    i.INTP_Start        intp.o
    0x0000b3b0   0x0000b3b0   0x00000184   Code   RO         1057    i.IRQ14_Handler     sci_user.o
    0x0000b534   0x0000b534   0x00000020   Code   RO         1524    i.InitSwSlaveI2C    sim_i2c_slave.o
    0x0000b554   0x0000b554   0x00000020   Code   RO            4    i.SysTick_Handler   main.o
    0x0000b574   0x0000b574   0x00000010   Code   RO         1632    i.SystemCoreClockUpdate  system_cms32l051.o
    0x0000b584   0x0000b584   0x00000094   Code   RO         1633    i.SystemInit        system_cms32l051.o
    0x0000b618   0x0000b618   0x00000064   Code   RO          469    i.UART0_BaudRate    sci.o
    0x0000b67c   0x0000b67c   0x0000011c   Code   RO          470    i.UART0_Init        sci.o
    0x0000b798   0x0000b798   0x0000001c   Code   RO          472    i.UART0_Send        sci.o
    0x0000b7b4   0x0000b7b4   0x00000078   Code   RO          485    i.UART_BaudRateCal  sci.o
    0x0000b82c   0x0000b82c   0x0000000c   Code   RO         1578    i.WDT_Restart       wdt.o
    0x0000b838   0x0000b838   0x00000030   Code   RO          305    i.__ARM_common_ll_mulss  bme680.o
    0x0000b868   0x0000b868   0x00000030   Code   RO           86    i.__ARM_common_ll_muluu  main.o
    0x0000b898   0x0000b898   0x0000001a   Code   RO         1747    i.__ARM_common_switch8  libalgobsec.lib(Bsec.o)
    0x0000b8b2   0x0000b8b2   0x00000002   PAD
    0x0000b8b4   0x0000b8b4   0x0000002c   Code   RO         2308    i.__ARM_fpclassify  m_ps.l(fpclassify.o)
    0x0000b8e0   0x0000b8e0   0x00000022   Code   RO         2240    i.__ARM_fpclassifyf  m_ps.l(fpclassifyf.o)
    0x0000b902   0x0000b902   0x00000002   PAD
    0x0000b904   0x0000b904   0x00000018   Code   RO          486    i.__NVIC_ClearPendingIRQ  sci.o
    0x0000b91c   0x0000b91c   0x00000078   Code   RO            5    i.__NVIC_SetPriority  main.o
    0x0000b994   0x0000b994   0x0000000e   Code   RO         2242    i.__mathlib_flt_divzero  m_ps.l(funder.o)
    0x0000b9a2   0x0000b9a2   0x0000000a   Code   RO         2243    i.__mathlib_flt_infnan  m_ps.l(funder.o)
    0x0000b9ac   0x0000b9ac   0x00000008   Code   RO         2244    i.__mathlib_flt_infnan2  m_ps.l(funder.o)
    0x0000b9b4   0x0000b9b4   0x0000000c   Code   RO         2245    i.__mathlib_flt_invalid  m_ps.l(funder.o)
    0x0000b9c0   0x0000b9c0   0x0000000e   Code   RO         2246    i.__mathlib_flt_overflow  m_ps.l(funder.o)
    0x0000b9ce   0x0000b9ce   0x0000000e   Code   RO         2248    i.__mathlib_flt_underflow  m_ps.l(funder.o)
    0x0000b9dc   0x0000b9dc   0x00000180   Code   RO         2256    i.__mathlib_rredf2  m_ps.l(rredf.o)
    0x0000bb5c   0x0000bb5c   0x0000000e   Code   RO         2051    i._is_digit         c_p.l(__printf_wp.o)
    0x0000bb6a   0x0000bb6a   0x00000002   PAD
    0x0000bb6c   0x0000bb6c   0x00000020   Code   RO          323    i._sys_exit         retarget.o
    0x0000bb8c   0x0000bb8c   0x0000018e   Code   RO         1289    i.bme680_bsec_process_data  bsec_integration.o
    0x0000bd1a   0x0000bd1a   0x00000002   PAD
    0x0000bd1c   0x0000bd1c   0x00000150   Code   RO         1290    i.bme680_bsec_read_data  bsec_integration.o
    0x0000be6c   0x0000be6c   0x00000084   Code   RO         1291    i.bme680_bsec_trigger_measurement  bsec_integration.o
    0x0000bef0   0x0000bef0   0x0000006e   Code   RO         1292    i.bme680_bsec_update_subscription  bsec_integration.o
    0x0000bf5e   0x0000bf5e   0x00000002   PAD
    0x0000bf60   0x0000bf60   0x00000070   Code   RO          165    i.bme680_get_profile_dur  bme680.o
    0x0000bfd0   0x0000bfd0   0x0000004e   Code   RO          166    i.bme680_get_regs   bme680.o
    0x0000c01e   0x0000c01e   0x0000003c   Code   RO          167    i.bme680_get_sensor_data  bme680.o
    0x0000c05a   0x0000c05a   0x0000002e   Code   RO          168    i.bme680_get_sensor_mode  bme680.o
    0x0000c088   0x0000c088   0x00000046   Code   RO          170    i.bme680_init       bme680.o
    0x0000c0ce   0x0000c0ce   0x000000a6   Code   RO          172    i.bme680_set_regs   bme680.o
    0x0000c174   0x0000c174   0x0000008a   Code   RO          173    i.bme680_set_sensor_mode  bme680.o
    0x0000c1fe   0x0000c1fe   0x0000027c   Code   RO          174    i.bme680_set_sensor_settings  bme680.o
    0x0000c47a   0x0000c47a   0x00000056   Code   RO          175    i.bme680_soft_reset  bme680.o
    0x0000c4d0   0x0000c4d0   0x0000003a   Code   RO          176    i.boundary_check    bme680.o
    0x0000c50a   0x0000c50a   0x00000042   Code   RO         1711    i.bsec_Bsec_append  libalgobsec.lib(Bsec.o)
    0x0000c54c   0x0000c54c   0x00000108   Code   RO         1712    i.bsec_Bsec_applyUpdateSubscription  libalgobsec.lib(Bsec.o)
    0x0000c654   0x0000c654   0x0000005c   Code   RO         1713    i.bsec_Bsec_checkIfSensorRequired  libalgobsec.lib(Bsec.o)
    0x0000c6b0   0x0000c6b0   0x00000218   Code   RO         1714    i.bsec_Bsec_checkSamplIntvlCompatibilty  libalgobsec.lib(Bsec.o)
    0x0000c8c8   0x0000c8c8   0x0000007c   Code   RO         1715    i.bsec_Bsec_frameSerializedData  libalgobsec.lib(Bsec.o)
    0x0000c944   0x0000c944   0x00000004   Code   RO         1717    i.bsec_Bsec_getHyperState  libalgobsec.lib(Bsec.o)
    0x0000c948   0x0000c948   0x00000084   Code   RO         1718    i.bsec_Bsec_getModHeatingDuration  libalgobsec.lib(Bsec.o)
    0x0000c9cc   0x0000c9cc   0x0000005e   Code   RO         1719    i.bsec_Bsec_parse   libalgobsec.lib(Bsec.o)
    0x0000ca2a   0x0000ca2a   0x00000002   PAD
    0x0000ca2c   0x0000ca2c   0x00000040   Code   RO         1720    i.bsec_Bsec_requestOutput  libalgobsec.lib(Bsec.o)
    0x0000ca6c   0x0000ca6c   0x00000284   Code   RO         1721    i.bsec_Bsec_setHyperConfiguration  libalgobsec.lib(Bsec.o)
    0x0000ccf0   0x0000ccf0   0x00000078   Code   RO         1722    i.bsec_Bsec_setHyperState  libalgobsec.lib(Bsec.o)
    0x0000cd68   0x0000cd68   0x000000cc   Code   RO         1723    i.bsec_Bsec_validateSerialization  libalgobsec.lib(Bsec.o)
    0x0000ce34   0x0000ce34   0x0000000e   Code   RO         1749    i.bsec_ChannelHub_ChannelHub  libalgobsec.lib(ChannelHub.o)
    0x0000ce42   0x0000ce42   0x00000078   Code   RO         1750    i.bsec_ChannelHub_configureChannel  libalgobsec.lib(ChannelHub.o)
    0x0000ceba   0x0000ceba   0x00000002   PAD
    0x0000cebc   0x0000cebc   0x00000328   Code   RO         1751    i.bsec_ChannelHub_do  libalgobsec.lib(ChannelHub.o)
    0x0000d1e4   0x0000d1e4   0x000000d2   Code   RO         1753    i.bsec_ChannelHub_getChannelState  libalgobsec.lib(ChannelHub.o)
    0x0000d2b6   0x0000d2b6   0x00000002   PAD
    0x0000d2b8   0x0000d2b8   0x00000058   Code   RO         1754    i.bsec_ChannelHub_getOutput  libalgobsec.lib(ChannelHub.o)
    0x0000d310   0x0000d310   0x00000084   Code   RO         1755    i.bsec_ChannelHub_isChannelReady  libalgobsec.lib(ChannelHub.o)
    0x0000d394   0x0000d394   0x00000016   Code   RO         1756    i.bsec_ChannelHub_isOutputValid  libalgobsec.lib(ChannelHub.o)
    0x0000d3aa   0x0000d3aa   0x00000002   PAD
    0x0000d3ac   0x0000d3ac   0x0000010c   Code   RO         1757    i.bsec_ChannelHub_recalculateDownsampling  libalgobsec.lib(ChannelHub.o)
    0x0000d4b8   0x0000d4b8   0x0000004c   Code   RO         1758    i.bsec_ChannelHub_resetSamplIntvls  libalgobsec.lib(ChannelHub.o)
    0x0000d504   0x0000d504   0x00000078   Code   RO         1759    i.bsec_ChannelHub_setChannelState  libalgobsec.lib(ChannelHub.o)
    0x0000d57c   0x0000d57c   0x0000005c   Code   RO         1760    i.bsec_ChannelHub_setInput  libalgobsec.lib(ChannelHub.o)
    0x0000d5d8   0x0000d5d8   0x0000006c   Code   RO         1761    i.bsec_ChannelHub_setOutput  libalgobsec.lib(ChannelHub.o)
    0x0000d644   0x0000d644   0x00000068   Code   RO         1762    i.bsec_ChannelHub_updateChannelInterfaceDependency  libalgobsec.lib(ChannelHub.o)
    0x0000d6ac   0x0000d6ac   0x000000b4   Code   RO         1763    i.bsec_ChannelHub_updateOutputSamplIntvl  libalgobsec.lib(ChannelHub.o)
    0x0000d760   0x0000d760   0x00000034   Code   RO         1981    i.bsec_Channel_reset  libalgobsec.lib(Channel.o)
    0x0000d794   0x0000d794   0x00000022   Code   RO         1825    i.bsec_Entity_parseAndDeserialize  libalgobsec.lib(Entity.o)
    0x0000d7b6   0x0000d7b6   0x00000030   Code   RO         1826    i.bsec_Entity_serializeAndAdd  libalgobsec.lib(Entity.o)
    0x0000d7e6   0x0000d7e6   0x0000001e   Code   RO         1988    i.bsec_ExpSmoothingBsec_ExpSmoothingBsec  libalgobsec.lib(ExpSmoothingBsec.o)
    0x0000d804   0x0000d804   0x00000084   Code   RO         1986    i.bsec_ExpSmoothing_setCoeffFromBandwidth  libalgobsec.lib(ExpSmoothing.o)
    0x0000d888   0x0000d888   0x0000000e   Code   RO         1786    i.bsec_GasHumidityBaselineTracker_GasHumidityBaselineTracker  libalgobsec.lib(GasHumidityBaselineTracker.o)
    0x0000d896   0x0000d896   0x000000a8   Code   RO         1787    i.bsec_GasHumidityBaselineTracker_configure  libalgobsec.lib(GasHumidityBaselineTracker.o)
    0x0000d93e   0x0000d93e   0x00000002   PAD
    0x0000d940   0x0000d940   0x000000b4   Code   RO         1788    i.bsec_GasHumidityBaselineTracker_determineAccuracyLevel  libalgobsec.lib(GasHumidityBaselineTracker.o)
    0x0000d9f4   0x0000d9f4   0x00000160   Code   RO         1789    i.bsec_GasHumidityBaselineTracker_doStep  libalgobsec.lib(GasHumidityBaselineTracker.o)
    0x0000db54   0x0000db54   0x000000e8   Code   RO         1790    i.bsec_GasHumidityBaselineTracker_filterRobustMaxMin  libalgobsec.lib(GasHumidityBaselineTracker.o)
    0x0000dc3c   0x0000dc3c   0x00000098   Code   RO         1792    i.bsec_GasHumidityBaselineTracker_getFitParam  libalgobsec.lib(GasHumidityBaselineTracker.o)
    0x0000dcd4   0x0000dcd4   0x00000070   Code   RO         1793    i.bsec_GasHumidityBaselineTracker_getMinimumFilterDistance  libalgobsec.lib(GasHumidityBaselineTracker.o)
    0x0000dd44   0x0000dd44   0x000000d0   Code   RO         1794    i.bsec_GasHumidityBaselineTracker_getState  libalgobsec.lib(GasHumidityBaselineTracker.o)
    0x0000de14   0x0000de14   0x000000b8   Code   RO         1795    i.bsec_GasHumidityBaselineTracker_isBaselineAllowedAdapt  libalgobsec.lib(GasHumidityBaselineTracker.o)
    0x0000decc   0x0000decc   0x00000030   Code   RO         1796    i.bsec_GasHumidityBaselineTracker_setState  libalgobsec.lib(GasHumidityBaselineTracker.o)
    0x0000defc   0x0000defc   0x000000d4   Code   RO         1797    i.bsec_GasHumidityBaselineTracker_updateInterfaceDependency  libalgobsec.lib(GasHumidityBaselineTracker.o)
    0x0000dfd0   0x0000dfd0   0x00000100   Code   RO         1798    i.bsec_GasHumidityBaselineTracker_vocFeatureTempHumComp  libalgobsec.lib(GasHumidityBaselineTracker.o)
    0x0000e0d0   0x0000e0d0   0x00000018   Code   RO         1893    i.bsec_GasHumidityPreProcessor_GasHumidityPreProcessor  libalgobsec.lib(GasHumidityPreProcessor.o)
    0x0000e0e8   0x0000e0e8   0x00000038   Code   RO         1894    i.bsec_GasHumidityPreProcessor_configure  libalgobsec.lib(GasHumidityPreProcessor.o)
    0x0000e120   0x0000e120   0x00000090   Code   RO         1895    i.bsec_GasHumidityPreProcessor_doStep  libalgobsec.lib(GasHumidityPreProcessor.o)
    0x0000e1b0   0x0000e1b0   0x0000003e   Code   RO         1896    i.bsec_GasHumidityPreProcessor_setState  libalgobsec.lib(GasHumidityPreProcessor.o)
    0x0000e1ee   0x0000e1ee   0x00000002   PAD
    0x0000e1f0   0x0000e1f0   0x00000050   Code   RO         1897    i.bsec_GasHumidityPreProcessor_updateInterfaceDependency  libalgobsec.lib(GasHumidityPreProcessor.o)
    0x0000e240   0x0000e240   0x00000016   Code   RO         1903    i.bsec_HumidityTemperatureCorrector_HumidityTemperatureCorrector  libalgobsec.lib(HumidityTemperatureCorrector.o)
    0x0000e256   0x0000e256   0x00000038   Code   RO         1904    i.bsec_HumidityTemperatureCorrector_configure  libalgobsec.lib(HumidityTemperatureCorrector.o)
    0x0000e28e   0x0000e28e   0x00000002   PAD
    0x0000e290   0x0000e290   0x00000070   Code   RO         1905    i.bsec_HumidityTemperatureCorrector_doStep  libalgobsec.lib(HumidityTemperatureCorrector.o)
    0x0000e300   0x0000e300   0x0000005a   Code   RO         1907    i.bsec_HumidityTemperatureCorrector_getState  libalgobsec.lib(HumidityTemperatureCorrector.o)
    0x0000e35a   0x0000e35a   0x00000036   Code   RO         1908    i.bsec_HumidityTemperatureCorrector_setState  libalgobsec.lib(HumidityTemperatureCorrector.o)
    0x0000e390   0x0000e390   0x00000078   Code   RO         1909    i.bsec_HumidityTemperatureCorrector_updateInterfaceDependency  libalgobsec.lib(HumidityTemperatureCorrector.o)
    0x0000e408   0x0000e408   0x0000000e   Code   RO         1917    i.bsec_IaqEstimator_IaqEstimator  libalgobsec.lib(IaqEstimator.o)
    0x0000e416   0x0000e416   0x00000002   PAD
    0x0000e418   0x0000e418   0x000001bc   Code   RO         1918    i.bsec_IaqEstimator_doStep  libalgobsec.lib(IaqEstimator.o)
    0x0000e5d4   0x0000e5d4   0x0000009c   Code   RO         1920    i.bsec_IaqEstimator_getGains  libalgobsec.lib(IaqEstimator.o)
    0x0000e670   0x0000e670   0x00000064   Code   RO         1921    i.bsec_IaqEstimator_getState  libalgobsec.lib(IaqEstimator.o)
    0x0000e6d4   0x0000e6d4   0x00000056   Code   RO         1922    i.bsec_IaqEstimator_setState  libalgobsec.lib(IaqEstimator.o)
    0x0000e72a   0x0000e72a   0x00000002   PAD
    0x0000e72c   0x0000e72c   0x00000040   Code   RO         1923    i.bsec_IaqEstimator_updateInterfaceDependency  libalgobsec.lib(IaqEstimator.o)
    0x0000e76c   0x0000e76c   0x0000000e   Code   RO         1935    i.bsec_SensorHeatCompensator_SensorHeatCompensator  libalgobsec.lib(SensorHeatCompensator.o)
    0x0000e77a   0x0000e77a   0x00000072   Code   RO         1936    i.bsec_SensorHeatCompensator_configure  libalgobsec.lib(SensorHeatCompensator.o)
    0x0000e7ec   0x0000e7ec   0x000000f8   Code   RO         1937    i.bsec_SensorHeatCompensator_doStep  libalgobsec.lib(SensorHeatCompensator.o)
    0x0000e8e4   0x0000e8e4   0x0000005c   Code   RO         1939    i.bsec_SensorHeatCompensator_getState  libalgobsec.lib(SensorHeatCompensator.o)
    0x0000e940   0x0000e940   0x00000038   Code   RO         1940    i.bsec_SensorHeatCompensator_setState  libalgobsec.lib(SensorHeatCompensator.o)
    0x0000e978   0x0000e978   0x0000002c   Code   RO         1950    i.bsec_SensorStatusTracker_SensorStatusTracker  libalgobsec.lib(SensorStatusTracker.o)
    0x0000e9a4   0x0000e9a4   0x000000da   Code   RO         1951    i.bsec_SensorStatusTracker_doStep  libalgobsec.lib(SensorStatusTracker.o)
    0x0000ea7e   0x0000ea7e   0x0000008e   Code   RO         1953    i.bsec_SensorStatusTracker_getState  libalgobsec.lib(SensorStatusTracker.o)
    0x0000eb0c   0x0000eb0c   0x0000000e   Code   RO         1954    i.bsec_SensorStatusTracker_resetRunInState  libalgobsec.lib(SensorStatusTracker.o)
    0x0000eb1a   0x0000eb1a   0x00000084   Code   RO         1955    i.bsec_SensorStatusTracker_setState  libalgobsec.lib(SensorStatusTracker.o)
    0x0000eb9e   0x0000eb9e   0x00000002   PAD
    0x0000eba0   0x0000eba0   0x00000060   Code   RO         1956    i.bsec_SensorStatusTracker_updateInterfaceDependency  libalgobsec.lib(SensorStatusTracker.o)
    0x0000ec00   0x0000ec00   0x00000042   Code   RO         1966    i.bsec_Serialization_checkSerializationHeader  libalgobsec.lib(Serialization.o)
    0x0000ec42   0x0000ec42   0x00000018   Code   RO         1967    i.bsec_Serialization_prepareSerializationHeader  libalgobsec.lib(Serialization.o)
    0x0000ec5a   0x0000ec5a   0x00000002   PAD
    0x0000ec5c   0x0000ec5c   0x00000068   Code   RO         1970    i.bsec_absHum       libalgobsec.lib(absHum.o)
    0x0000ecc4   0x0000ecc4   0x00000018   Code   RO         1992    i.bsec_applyScalarFunctionInPlace  libalgobsec.lib(applyScalarFunctionInPlace.o)
    0x0000ecdc   0x0000ecdc   0x00000150   Code   RO         1724    i.bsec_b_Bsec_setHyperConfiguration  libalgobsec.lib(Bsec.o)
    0x0000ee2c   0x0000ee2c   0x0000002a   Code   RO         1725    i.bsec_b_Bsec_setHyperState  libalgobsec.lib(Bsec.o)
    0x0000ee56   0x0000ee56   0x000000b2   Code   RO         1764    i.bsec_b_ChannelHub_ChannelHub  libalgobsec.lib(ChannelHub.o)
    0x0000ef08   0x0000ef08   0x00000060   Code   RO         1765    i.bsec_b_ChannelHub_setOutput  libalgobsec.lib(ChannelHub.o)
    0x0000ef68   0x0000ef68   0x00000024   Code   RO         1982    i.bsec_b_Channel_reset  libalgobsec.lib(Channel.o)
    0x0000ef8c   0x0000ef8c   0x00000022   Code   RO         1827    i.bsec_b_Entity_parseAndDeserialize  libalgobsec.lib(Entity.o)
    0x0000efae   0x0000efae   0x00000030   Code   RO         1828    i.bsec_b_Entity_serializeAndAdd  libalgobsec.lib(Entity.o)
    0x0000efde   0x0000efde   0x00000010   Code   RO         1989    i.bsec_b_ExpSmoothingBsec_ExpSmoothingBsec  libalgobsec.lib(ExpSmoothingBsec.o)
    0x0000efee   0x0000efee   0x00000002   PAD
    0x0000eff0   0x0000eff0   0x00000110   Code   RO         1799    i.bsec_b_GasHumidityBaselineTracker_GasHumidityBaselineTracker  libalgobsec.lib(GasHumidityBaselineTracker.o)
    0x0000f100   0x0000f100   0x000000c6   Code   RO         1800    i.bsec_b_GasHumidityBaselineTracker_setState  libalgobsec.lib(GasHumidityBaselineTracker.o)
    0x0000f1c6   0x0000f1c6   0x00000002   PAD
    0x0000f1c8   0x0000f1c8   0x0000007c   Code   RO         1924    i.bsec_b_IaqEstimator_IaqEstimator  libalgobsec.lib(IaqEstimator.o)
    0x0000f244   0x0000f244   0x000000a8   Code   RO         1925    i.bsec_b_IaqEstimator_configure  libalgobsec.lib(IaqEstimator.o)
    0x0000f2ec   0x0000f2ec   0x0000005c   Code   RO         1941    i.bsec_b_SensorHeatCompensator_SensorHeatCompensator  libalgobsec.lib(SensorHeatCompensator.o)
    0x0000f348   0x0000f348   0x0000005a   Code   RO         1957    i.bsec_b_SensorStatusTracker_configure  libalgobsec.lib(SensorStatusTracker.o)
    0x0000f3a2   0x0000f3a2   0x0000000e   Code   RO         1977    i.bsec_b_sqrt       libalgobsec.lib(sqrt.o)
    0x0000f3b0   0x0000f3b0   0x00000022   Code   RO         1829    i.bsec_c_Entity_parseAndDeserialize  libalgobsec.lib(Entity.o)
    0x0000f3d2   0x0000f3d2   0x0000002c   Code   RO         1830    i.bsec_c_Entity_serializeAndAdd  libalgobsec.lib(Entity.o)
    0x0000f3fe   0x0000f3fe   0x00000002   PAD
    0x0000f400   0x0000f400   0x00000214   Code   RO         1689    i.bsec_codegen_do_steps  libalgobsec.lib(bsec_codegen_do_steps.o)
    0x0000f614   0x0000f614   0x000000ac   Code   RO         1693    i.bsec_codegen_get_state  libalgobsec.lib(bsec_codegen_get_state.o)
    0x0000f6c0   0x0000f6c0   0x00000008   Code   RO         1697    i.bsec_codegen_init  libalgobsec.lib(bsec_codegen_init.o)
    0x0000f6c8   0x0000f6c8   0x0000036c   Code   RO         1701    i.bsec_codegen_sensor_control  libalgobsec.lib(bsec_codegen_sensor_control.o)
    0x0000fa34   0x0000fa34   0x00000080   Code   RO         1705    i.bsec_codegen_set_configuration  libalgobsec.lib(bsec_codegen_set_configuration.o)
    0x0000fab4   0x0000fab4   0x0000007e   Code   RO         1707    i.bsec_codegen_set_state  libalgobsec.lib(bsec_codegen_set_state.o)
    0x0000fb32   0x0000fb32   0x00000002   PAD
    0x0000fb34   0x0000fb34   0x0000032c   Code   RO         1709    i.bsec_codegen_update_subscription  libalgobsec.lib(bsec_codegen_update_subscription.o)
    0x0000fe60   0x0000fe60   0x00000018   Code   RO         1823    i.bsec_constructor_bsec  libalgobsec.lib(constructor_bsec.o)
    0x0000fe78   0x0000fe78   0x000000d4   Code   RO         1994    i.bsec_convertHumidity  libalgobsec.lib(convertHumidity.o)
    0x0000ff4c   0x0000ff4c   0x00000078   Code   RO         1726    i.bsec_convert_to_enum_OutputIdentifier  libalgobsec.lib(Bsec.o)
    0x0000ffc4   0x0000ffc4   0x00000038   Code   RO         1972    i.bsec_crcCcitt2    libalgobsec.lib(crcCcitt2.o)
    0x0000fffc   0x0000fffc   0x00000024   Code   RO         1831    i.bsec_d_Entity_parseAndDeserialize  libalgobsec.lib(Entity.o)
    0x00010020   0x00010020   0x0000003c   Code   RO         1832    i.bsec_d_Entity_serializeAndAdd  libalgobsec.lib(Entity.o)
    0x0001005c   0x0001005c   0x00000020   Code   RO         1668    i.bsec_do_steps     libalgobsec.lib(bsec_interface.o)
    0x0001007c   0x0001007c   0x0000001c   Code   RO         1833    i.bsec_e_Entity_parseAndDeserialize  libalgobsec.lib(Entity.o)
    0x00010098   0x00010098   0x0000002c   Code   RO         1834    i.bsec_e_Entity_serializeAndAdd  libalgobsec.lib(Entity.o)
    0x000100c4   0x000100c4   0x00000012   Code   RO         1835    i.bsec_f_Entity_parseAndDeserialize  libalgobsec.lib(Entity.o)
    0x000100d6   0x000100d6   0x00000020   Code   RO         1836    i.bsec_f_Entity_serializeAndAdd  libalgobsec.lib(Entity.o)
    0x000100f6   0x000100f6   0x00000020   Code   RO         1837    i.bsec_g_Entity_parseAndDeserialize  libalgobsec.lib(Entity.o)
    0x00010116   0x00010116   0x00000030   Code   RO         1838    i.bsec_g_Entity_serializeAndAdd  libalgobsec.lib(Entity.o)
    0x00010146   0x00010146   0x00000002   PAD
    0x00010148   0x00010148   0x00000034   Code   RO         1670    i.bsec_get_state    libalgobsec.lib(bsec_interface.o)
    0x0001017c   0x0001017c   0x00000010   Code   RO         1839    i.bsec_h_Entity_parseAndDeserialize  libalgobsec.lib(Entity.o)
    0x0001018c   0x0001018c   0x0000001a   Code   RO         1840    i.bsec_h_Entity_serializeAndAdd  libalgobsec.lib(Entity.o)
    0x000101a6   0x000101a6   0x00000030   Code   RO         1841    i.bsec_i_Entity_parseAndDeserialize  libalgobsec.lib(Entity.o)
    0x000101d6   0x000101d6   0x00000002   PAD
    0x000101d8   0x000101d8   0x00000010   Code   RO         1672    i.bsec_init         libalgobsec.lib(bsec_interface.o)
    0x000101e8   0x000101e8   0x00000150   Code   RO         1293    i.bsec_iot_init     bsec_integration.o
    0x00010338   0x00010338   0x00000154   Code   RO         1294    i.bsec_iot_loop     bsec_integration.o
    0x0001048c   0x0001048c   0x00000012   Code   RO         1996    i.bsec_isequal      libalgobsec.lib(isequal.o)
    0x0001049e   0x0001049e   0x00000030   Code   RO         1843    i.bsec_j_Entity_parseAndDeserialize  libalgobsec.lib(Entity.o)
    0x000104ce   0x000104ce   0x00000030   Code   RO         1845    i.bsec_k_Entity_parseAndDeserialize  libalgobsec.lib(Entity.o)
    0x000104fe   0x000104fe   0x00000022   Code   RO         1847    i.bsec_l_Entity_parseAndDeserialize  libalgobsec.lib(Entity.o)
    0x00010520   0x00010520   0x0000000e   Code   RO         2000    i.bsec_log          libalgobsec.lib(log.o)
    0x0001052e   0x0001052e   0x0000000e   Code   RO         1975    i.bsec_log10        libalgobsec.lib(log10.o)
    0x0001053c   0x0001053c   0x00000024   Code   RO         1849    i.bsec_m_Entity_parseAndDeserialize  libalgobsec.lib(Entity.o)
    0x00010560   0x00010560   0x00000024   Code   RO         1851    i.bsec_n_Entity_parseAndDeserialize  libalgobsec.lib(Entity.o)
    0x00010584   0x00010584   0x00000014   Code   RO         1853    i.bsec_o_Entity_parseAndDeserialize  libalgobsec.lib(Entity.o)
    0x00010598   0x00010598   0x00000022   Code   RO         1855    i.bsec_p_Entity_parseAndDeserialize  libalgobsec.lib(Entity.o)
    0x000105ba   0x000105ba   0x00000016   Code   RO         1998    i.bsec_polyval      libalgobsec.lib(polyval.o)
    0x000105d0   0x000105d0   0x00000030   Code   RO         1857    i.bsec_q_Entity_parseAndDeserialize  libalgobsec.lib(Entity.o)
    0x00010600   0x00010600   0x00000070   Code   RO         1821    i.bsec_rt_roundd    libalgobsec.lib(bsec_codegen_rtwutil.o)
    0x00010670   0x00010670   0x00000020   Code   RO         1674    i.bsec_sensor_control  libalgobsec.lib(bsec_interface.o)
    0x00010690   0x00010690   0x00000018   Code   RO         1675    i.bsec_set_configuration  libalgobsec.lib(bsec_interface.o)
    0x000106a8   0x000106a8   0x00000018   Code   RO         1676    i.bsec_set_state    libalgobsec.lib(bsec_interface.o)
    0x000106c0   0x000106c0   0x00000018   Code   RO         2002    i.bsec_sin          libalgobsec.lib(sin.o)
    0x000106d8   0x000106d8   0x00000008   Code   RO         1978    i.bsec_sqrt         libalgobsec.lib(sqrt.o)
    0x000106e0   0x000106e0   0x00000020   Code   RO         1677    i.bsec_update_subscription  libalgobsec.lib(bsec_interface.o)
    0x00010700   0x00010700   0x0000001a   Code   RO            6    i.bus_read          main.o
    0x0001071a   0x0001071a   0x0000001a   Code   RO            7    i.bus_write         main.o
    0x00010734   0x00010734   0x000000d4   Code   RO          177    i.calc_gas_resistance  bme680.o
    0x00010808   0x00010808   0x00000030   Code   RO          178    i.calc_heater_dur   bme680.o
    0x00010838   0x00010838   0x000000a8   Code   RO          179    i.calc_heater_res   bme680.o
    0x000108e0   0x000108e0   0x000000c8   Code   RO          180    i.calc_humidity     bme680.o
    0x000109a8   0x000109a8   0x000000cc   Code   RO          181    i.calc_pressure     bme680.o
    0x00010a74   0x00010a74   0x000000a0   Code   RO          182    i.calc_temperature  bme680.o
    0x00010b14   0x00010b14   0x000000c8   Code   RO         2131    i.ceil              m_ps.l(ceil.o)
    0x00010bdc   0x00010bdc   0x00000006   Code   RO            8    i.config_load       main.o
    0x00010be2   0x00010be2   0x00000002   PAD
    0x00010be4   0x00010be4   0x00000158   Code   RO         2135    i.expf              m_ps.l(expf.o)
    0x00010d3c   0x00010d3c   0x00000008   Code   RO          325    i.ferror            retarget.o
    0x00010d44   0x00010d44   0x000000c8   Code   RO         2145    i.floor             m_ps.l(floor.o)
    0x00010e0c   0x00010e0c   0x00000070   Code   RO         2149    i.floorf            m_ps.l(floorf.o)
    0x00010e7c   0x00010e7c   0x00000026   Code   RO         2198    i.fmaxf             m_ps.l(fmaxf.o)
    0x00010ea2   0x00010ea2   0x00000026   Code   RO         2200    i.fminf             m_ps.l(fminf.o)
    0x00010ec8   0x00010ec8   0x0000001a   Code   RO          327    i.fputc             retarget.o
    0x00010ee2   0x00010ee2   0x000001be   Code   RO          183    i.get_calib_data    bme680.o
    0x000110a0   0x000110a0   0x0000003a   Code   RO          185    i.get_mem_page      bme680.o
    0x000110da   0x000110da   0x00000002   PAD
    0x000110dc   0x000110dc   0x00000020   Code   RO            9    i.get_timestamp_us  main.o
    0x000110fc   0x000110fc   0x00000118   Code   RO           10    i.hard_fault_handler_c  main.o
    0x00011214   0x00011214   0x00000002   Code   RO         1058    i.iic11_callback_master_error  sci_user.o
    0x00011216   0x00011216   0x00000002   PAD
    0x00011218   0x00011218   0x00000014   Code   RO         1059    i.iic11_callback_master_receiveend  sci_user.o
    0x0001122c   0x0001122c   0x00000014   Code   RO         1060    i.iic11_callback_master_sendend  sci_user.o
    0x00011240   0x00011240   0x00000014   Code   RO         1525    i.intp_1_interrupt  sim_i2c_slave.o
    0x00011254   0x00011254   0x00000014   Code   RO         1526    i.intp_2_interrupt  sim_i2c_slave.o
    0x00011268   0x00011268   0x000001a4   Code   RO         2153    i.log10f            m_ps.l(log10f.o)
    0x0001140c   0x0001140c   0x0000017c   Code   RO         2163    i.logf              m_ps.l(logf.o)
    0x00011588   0x00011588   0x00000100   Code   RO           11    i.main              main.o
    0x00011688   0x00011688   0x00000022   Code   RO          186    i.null_ptr_check    bme680.o
    0x000116aa   0x000116aa   0x00000002   PAD
    0x000116ac   0x000116ac   0x0000012c   Code   RO           12    i.output_ready      main.o
    0x000117d8   0x000117d8   0x00000620   Code   RO         2173    i.powf              m_ps.l(powf.o)
    0x00011df8   0x00011df8   0x0000010c   Code   RO          187    i.read_field_data   bme680.o
    0x00011f04   0x00011f04   0x0000000a   Code   RO         1702    i.rem_uint16_t      libalgobsec.lib(bsec_codegen_sensor_control.o)
    0x00011f0e   0x00011f0e   0x0000000a   Code   RO         1727    i.rem_uint16_t      libalgobsec.lib(Bsec.o)
    0x00011f18   0x00011f18   0x00000074   Code   RO         2202    i.roundf            m_ps.l(roundf.o)
    0x00011f8c   0x00011f8c   0x00000064   Code   RO          188    i.set_gas_config    bme680.o
    0x00011ff0   0x00011ff0   0x0000007a   Code   RO          189    i.set_mem_page      bme680.o
    0x0001206a   0x0001206a   0x00000002   PAD
    0x0001206c   0x0001206c   0x00000184   Code   RO         2183    i.sinf              m_ps.l(sinf.o)
    0x000121f0   0x000121f0   0x00000014   Code   RO         1353    i.sleep             common_porting.o
    0x00012204   0x00012204   0x0000002c   Code   RO         2191    i.sqrtf             m_ps.l(sqrtf.o)
    0x00012230   0x00012230   0x00000006   Code   RO           13    i.state_load        main.o
    0x00012236   0x00012236   0x00000002   Code   RO           14    i.state_save        main.o
    0x00012238   0x00012238   0x00000018   Code   RO         1598    i.wdt_interrupt     wdt_user.o
    0x00012250   0x00012250   0x0000002c   Code   RO         2300    locale$$code        c_p.l(lc_numeric_c.o)
    0x0001227c   0x0001227c   0x00000064   Code   RO         2095    x$fpl$dleqf         fz_ps.l(dlef.o)
    0x000122e0   0x000122e0   0x00000068   Code   RO         2099    x$fpl$drleqf        fz_ps.l(drlef.o)
    0x00012348   0x00012348   0x0000008c   Code   RO         2103    x$fpl$fadd          fz_ps.l(faddsub.o)
    0x000123d4   0x000123d4   0x00000054   Code   RO         2120    x$fpl$fleqf         fz_ps.l(flef.o)
    0x00012428   0x00012428   0x000000b0   Code   RO         2122    x$fpl$fmul          fz_ps.l(fmul.o)
    0x000124d8   0x000124d8   0x00000058   Code   RO         2124    x$fpl$frleqf        fz_ps.l(frlef.o)
    0x00012530   0x00012530   0x00000018   Code   RO         2104    x$fpl$frsb          fz_ps.l(faddsub.o)
    0x00012548   0x00012548   0x000000d0   Code   RO         2105    x$fpl$fsub          fz_ps.l(faddsub.o)
    0x00012618   0x00012618   0x00000010   Code   RO         2128    x$fpl$printf1       fz_ps.l(printf1.o)
    0x00012628   0x00012628   0x00000000   Code   RO         2239    x$fpl$usenofp       fz_ps.l(usenofp.o)
    0x00012628   0x00012628   0x00000080   Data   RO          190    .constdata          bme680.o
    0x000126a8   0x000126a8   0x00000020   Data   RO          488    .constdata          sci.o
    0x000126c8   0x000126c8   0x00000058   Data   RO         1728    .constdata          libalgobsec.lib(Bsec.o)
    0x00012720   0x00012720   0x00000028   Data   RO         1767    .constdata          libalgobsec.lib(ChannelHub.o)
    0x00012748   0x00012748   0x00000044   Data   RO         1801    .constdata          libalgobsec.lib(GasHumidityBaselineTracker.o)
    0x0001278c   0x0001278c   0x00000015   Data   RO         1817    .constdata          libalgobsec.lib(bsec_codegen_data.o)
    0x000127a1   0x000127a1   0x00000001   PAD
    0x000127a2   0x000127a2   0x0000002a   Data   RO         1818    .constdata          libalgobsec.lib(bsec_codegen_data.o)
    0x000127cc   0x000127cc   0x00000054   Data   RO         1819    .constdata          libalgobsec.lib(bsec_codegen_data.o)
    0x00012820   0x00012820   0x00000018   Data   RO         1820    .constdata          libalgobsec.lib(bsec_codegen_data.o)
    0x00012838   0x00012838   0x00000050   Data   RO         1942    .constdata          libalgobsec.lib(SensorHeatCompensator.o)
    0x00012888   0x00012888   0x00000200   Data   RO         1973    .constdata          libalgobsec.lib(crcCcitt2.o)
    0x00012a88   0x00012a88   0x0000000c   Data   RO         1983    .constdata          libalgobsec.lib(Channel.o)
    0x00012a94   0x00012a94   0x00000028   Data   RO         2024    .constdata          c_p.l(_printf_hex_int.o)
    0x00012abc   0x00012abc   0x00000011   Data   RO         2059    .constdata          c_p.l(__printf_flags_ss_wp.o)
    0x00012acd   0x00012acd   0x00000080   Data   RO         2085    .constdata          fz_ps.l(ddiv.o)
    0x00012b4d   0x00012b4d   0x00000040   Data   RO         2110    .constdata          fz_ps.l(fdiv.o)
    0x00012b8d   0x00012b8d   0x00000003   PAD
    0x00012b90   0x00012b90   0x00000030   Data   RO         2136    .constdata          m_ps.l(expf.o)
    0x00012bc0   0x00012bc0   0x00000040   Data   RO         2154    .constdata          m_ps.l(log10f.o)
    0x00012c00   0x00012c00   0x00000040   Data   RO         2164    .constdata          m_ps.l(logf.o)
    0x00012c40   0x00012c40   0x00000140   Data   RO         2174    .constdata          m_ps.l(powf.o)
    0x00012d80   0x00012d80   0x00000020   Data   RO         2257    .constdata          m_ps.l(rredf.o)
    0x00012da0   0x00012da0   0x00000094   Data   RO         2295    .constdata          c_p.l(bigflt0.o)
    0x00012e34   0x00012e34   0x00000030   Data   RO         2457    Region$$Table       anon$$obj.o
    0x00012e64   0x00012e64   0x0000001c   Data   RO         2299    locale$$data        c_p.l(lc_numeric_c.o)


    Execution Region ER_RW (Exec base: 0x00012e80, Load base: 0x00012e80, Size: 0x00000158, Max: 0xffffffff, ABSOLUTE, COMPRESSED[0x00000014])

    Exec Addr    Load Addr    Size         Type   Attr      Idx    E Section Name        Object

    0x00012e80   COMPRESSED   0x0000000c   Data   RW           16    .data               main.o
    0x00012e8c   COMPRESSED   0x00000008   Data   RW          328    .data               retarget.o
    0x00012e94   COMPRESSED   0x00000114   Data   RW          489    .data               sci.o
    0x00012fa8   COMPRESSED   0x0000000c   Data   RW         1097    .data               sci_user.o
    0x00012fb4   COMPRESSED   0x00000004   Data   RW         1296    .data               bsec_integration.o
    0x00012fb8   COMPRESSED   0x00000018   Data   RW         1528    .data               sim_i2c_slave.o
    0x00012fd0   COMPRESSED   0x00000004   Data   RW         1599    .data               wdt_user.o
    0x00012fd4   COMPRESSED   0x00000004   Data   RW         1635    .data               system_cms32l051.o


    Execution Region ER_ZI (Exec base: 0x00012fd8, Load base: 0x00012e94, Size: 0x00001be0, Max: 0xffffffff, ABSOLUTE)

    Exec Addr    Load Addr    Size         Type   Attr      Idx    E Section Name        Object

    0x00012fd8        -       0x0000000b   Zero   RW           15    .bss                main.o
    0x00012fe3   0x00012e94   0x00000001   PAD
    0x00012fe4        -       0x0000006c   Zero   RW         1295    .bss                bsec_integration.o
    0x00013050        -       0x00000200   Zero   RW         1354    .bss                common_porting.o
    0x00013250        -       0x00000028   Zero   RW         1527    .bss                sim_i2c_slave.o
    0x00013278        -       0x000004e0   Zero   RW         1678    .bss                libalgobsec.lib(bsec_interface.o)
    0x00013758        -       0x00000060   Zero   RW         2311    .bss                c_p.l(libspace.o)
    0x000137b8        -       0x00000400   Zero   RW         1623    HEAP                startup_cms32l051.o
    0x00013bb8        -       0x00001000   Zero   RW         1622    STACK               startup_cms32l051.o



  Load Region LR$$.ARM.__AT_0x000000C0 (Base: 0x000000c0, Size: 0x00000004, Max: 0x00000004, ABSOLUTE)

    Execution Region ER$$.ARM.__AT_0x000000C0 (Exec base: 0x000000c0, Load base: 0x000000c0, Size: 0x00000004, Max: 0x00000004, ABSOLUTE, UNINIT)

    Exec Addr    Load Addr    Size         Type   Attr      Idx    E Section Name        Object

    0x000000c0   0x000000c0   0x00000004   Data   RO         1634    .ARM.__AT_0x000000C0  system_cms32l051.o


==============================================================================

Image component sizes


      Code (inc. data)   RO Data    RW Data    ZI Data      Debug   Object Name

      3518         40        128          0          0      15711   bme680.o
      1652        118          0          4        108       7480   bsec_integration.o
       176         28          0          0        512       2687   common_porting.o
       596         32          0          0          0       1665   intp.o
      1162        396          0         12         11      90961   main.o
        66         10          0          8          0       3491   retarget.o
      1260        200         32        276          0      33842   sci.o
       430         52          0         12          0       3108   sci_user.o
       792         42          0         24         40       4510   sim_i2c_slave.o
       128         28        192          0       5120       2140   startup_cms32l051.o
       308        106          4          4          0       2747   system_cms32l051.o
        12          4          0          0          0        402   wdt.o
        24          6          0          4          0       1100   wdt_user.o

    ----------------------------------------------------------------------
     10138       1062        404        344       5792     169844   Object Totals
         0          0         48          0          0          0   (incl. Generated)
        14          0          0          0          1          0   (incl. Padding)

    ----------------------------------------------------------------------

      Code (inc. data)   RO Data    RW Data    ZI Data      Debug   Library Member Name

        86          0          0          0          0          0   __dczerorl2.o
         8          0          0          0          0         68   __main.o
       392          6         17          0          0         76   __printf_flags_ss_wp.o
        14          0          0          0          0         60   __printf_wp.o
         0          0          0          0          0          0   __rtentry.o
        12          0          0          0          0          0   __rtentry2.o
         6          0          0          0          0          0   __rtentry4.o
        60          8          0          0          0          0   __scatter.o
        26          0          0          0          0          0   __scatter_copy.o
        28          0          0          0          0          0   __scatter_zi.o
        48          6          0          0          0         88   _printf_char_common.o
        40          6          0          0          0         72   _printf_char_file.o
        10          0          0          0          0          0   _printf_d.o
       108         18          0          0          0         76   _printf_dec.o
        10          0          0          0          0          0   _printf_f.o
      1048         14          0          0          0        176   _printf_fp_dec.o
       136         16          0          0          0         76   _printf_fp_infnan.o
        88          4         40          0          0         72   _printf_hex_int.o
       176          0          0          0          0         84   _printf_intcommon.o
        10          0          0          0          0          0   _printf_ll.o
        10          0          0          0          0          0   _printf_lld.o
       112         18          0          0          0         76   _printf_longlong_dec.o
         2          0          0          0          0          0   _printf_percent.o
         4          0          0          0          0          0   _printf_percent_end.o
        10          0          0          0          0          0   _printf_x.o
        22          0          0          0          0         92   _rserrno.o
       346          0          0          0          0         92   aeabi_sdiv.o
       216          6        148          0          0         80   bigflt0.o
      1408         30          0          0          0        260   btod.o
        16          0          0          0          0         68   exit.o
         6          0          0          0          0        136   heapauxi.o
        44         10         28          0          0         76   lc_numeric_c.o
         2          0          0          0          0          0   libinit.o
        18          0          0          0          0          0   libinit2.o
         2          0          0          0          0          0   libshutdown.o
         2          0          0          0          0          0   libshutdown2.o
         8          4          0          0         96         68   libspace.o
        48          0          0          0          0         72   llmul.o
       112          0          0          0          0         72   llsdiv.o
       258          0          0          0          0         88   lludiv.o
       122          0          0          0          0         72   lludiv10.o
        28          6          0          0          0         84   noretval__2printf.o
         8          4          0          0          0         68   rt_errno_addr_intlibspace.o
         8          4          0          0          0         68   rt_locale_intlibspace.o
        64          0          0          0          0        108   rt_memclr.o
       186          0          0          0          0        144   rt_memcpy.o
         2          0          0          0          0          0   rtexit.o
        10          0          0          0          0          0   rtexit2.o
        40          0          0          0          0         60   rtudiv10.o
       136          4          0          0          0         72   strcmp.o
        62          0          0          0          0         80   sys_stackheap_outer.o
        46          0          0          0          0         60   cmpret.o
       124          4          0          0          0         72   d2f.o
       856         20          0          0          0        208   daddsub.o
       144          4          0          0          0         76   dcmpin.o
      1096         26        128          0          0        112   ddiv.o
       180          6          0          0          0         76   dfixl.o
        72          4          0          0          0         68   dfixui.o
        88          0          0          0          0         92   dflti.o
       132          4          0          0          0        100   dfltl.o
       100          4          0          0          0         92   dlef.o
       584         26          0          0          0         84   dmul.o
        20          6          0          0          0         68   dnan2.o
       104          4          0          0          0        104   drlef.o
        84          4          0          0          0         60   f2d.o
       372          8          0          0          0        240   faddsub.o
       176          6          0          0          0         76   fcmp4.o
       100          4          0          0          0         68   fcmpin.o
       352         10         64          0          0         92   fdiv.o
        76          0          0          0          0         68   ffixi.o
       138          0          0          0          0         72   ffixir.o
        48          0          0          0          0         60   ffixui.o
        94          0          0          0          0         92   fflti.o
       130          0          0          0          0        100   ffltl.o
        84          4          0          0          0         76   flef.o
       176          4          0          0          0         80   fmul.o
        16          6          0          0          0         68   fnan2.o
        88          4          0          0          0         76   frlef.o
       128          6          0          0          0         68   frnd.o
        68          4          0          0          0         68   fscalbn.o
       144          4          0          0          0         72   fsqrt.o
        16          4          0          0          0         76   printf1.o
        94          0          0          0          0         68   retnan.o
         0          0          0          0          0          0   usenofp.o
      2878        226         88          0          0       1260   Bsec.o
        88          6         12          0          0        136   Channel.o
      2616        174         40          0          0       1200   ChannelHub.o
       934          0          0          0          0       1812   Entity.o
       132          4          0          0          0         80   ExpSmoothing.o
        46          0          0          0          0        128   ExpSmoothingBsec.o
      2588        134         68          0          0       1092   GasHumidityBaselineTracker.o
       366         12          0          0          0        380   GasHumidityPreProcessor.o
       454         22          0          0          0        456   HumidityTemperatureCorrector.o
      1156         64          0          0          0        628   IaqEstimator.o
       616         28         80          0          0        468   SensorHeatCompensator.o
       736         46          0          0          0        516   SensorStatusTracker.o
        90          0          0          0          0        140   Serialization.o
       104         26          0          0          0         76   absHum.o
        24          0          0          0          0         72   applyScalarFunctionInPlace.o
         0          0        171          0          0          0   bsec_codegen_data.o
       532         20          0          0          0         84   bsec_codegen_do_steps.o
       172          4          0          0          0         80   bsec_codegen_get_state.o
         8          0          0          0          0         68   bsec_codegen_init.o
       112         14          0          0          0         72   bsec_codegen_rtwutil.o
       886         22          0          0          0        156   bsec_codegen_sensor_control.o
       128          0          0          0          0         80   bsec_codegen_set_configuration.o
       126          0          0          0          0         80   bsec_codegen_set_state.o
       812         60          0          0          0         84   bsec_codegen_update_subscription.o
       212         34          0          0       1248        500   bsec_interface.o
        24          0          0          0          0         68   constructor_bsec.o
       212         14          0          0          0         84   convertHumidity.o
        56         10        512          0          0         76   crcCcitt2.o
        18          0          0          0          0         68   isequal.o
        14          0          0          0          0         68   log.o
        14          0          0          0          0         68   log10.o
        22          0          0          0          0         68   polyval.o
        24          0          0          0          0         72   sin.o
        22          0          0          0          0        136   sqrt.o
       200         20          0          0          0         76   ceil.o
       344         50         48          0          0         76   expf.o
       200         20          0          0          0         76   floor.o
       112         14          0          0          0         76   floorf.o
        38          0          0          0          0         72   fmaxf.o
        38          0          0          0          0         72   fminf.o
        44          4          0          0          0         60   fpclassify.o
        34          0          0          0          0         60   fpclassifyf.o
        72          0          0          0          0        408   funder.o
       420         52         64          0          0         76   log10f.o
       380         42         64          0          0         76   logf.o
      1568         92        320          0          0        172   powf.o
       116          0          0          0          0         72   roundf.o
       384         18         32          0          0         88   rredf.o
       388         58          0          0          0        104   sinf.o
        44          0          0          0          0         72   sqrtf.o

    ----------------------------------------------------------------------
     32206       1630       1928          0       1344      17568   Library Totals
        54          0          4          0          0          0   (incl. Padding)

    ----------------------------------------------------------------------

      Code (inc. data)   RO Data    RW Data    ZI Data      Debug   Library Name

      5618        164        233          0         96       2784   c_p.l
      5930        176        192          0          0       2792   fz_ps.l
     16222        920        971          0       1248      10356   libalgobsec.lib
      4382        370        528          0          0       1636   m_ps.l

    ----------------------------------------------------------------------
     32206       1630       1928          0       1344      17568   Library Totals

    ----------------------------------------------------------------------

==============================================================================


      Code (inc. data)   RO Data    RW Data    ZI Data      Debug   

     42344       2692       2332        344       7136     174564   Grand Totals
     42344       2692       2332         20       7136     174564   ELF Image Totals (compressed)
     42344       2692       2332         20          0          0   ROM Totals

==============================================================================

    Total RO  Size (Code + RO Data)                44676 (  43.63kB)
    Total RW  Size (RW Data + ZI Data)              7480 (   7.30kB)
    Total ROM Size (Code + RO Data + RW Data)      44696 (  43.65kB)

==============================================================================

